Component: ARM Compiler 5.05 update 2 (build 169) Tool: armlink [4d0f33]

==============================================================================

Section Cross References

    startup_stm32l452xx.o(STACK) refers (Special) to heapauxi.o(.text) for __use_two_region_memory
    startup_stm32l452xx.o(HEAP) refers (Special) to heapauxi.o(.text) for __use_two_region_memory
    startup_stm32l452xx.o(RESET) refers (Special) to heapauxi.o(.text) for __use_two_region_memory
    startup_stm32l452xx.o(RESET) refers to startup_stm32l452xx.o(STACK) for __initial_sp
    startup_stm32l452xx.o(RESET) refers to startup_stm32l452xx.o(.text) for Reset_Handler
    startup_stm32l452xx.o(RESET) refers to stm32l4xx_it.o(i.NMI_Handler) for NMI_Handler
    startup_stm32l452xx.o(RESET) refers to stm32l4xx_it.o(i.HardFault_Handler) for HardFault_Handler
    startup_stm32l452xx.o(RESET) refers to stm32l4xx_it.o(i.MemManage_Handler) for MemManage_Handler
    startup_stm32l452xx.o(RESET) refers to stm32l4xx_it.o(i.BusFault_Handler) for BusFault_Handler
    startup_stm32l452xx.o(RESET) refers to stm32l4xx_it.o(i.UsageFault_Handler) for UsageFault_Handler
    startup_stm32l452xx.o(RESET) refers to stm32l4xx_it.o(i.SVC_Handler) for SVC_Handler
    startup_stm32l452xx.o(RESET) refers to stm32l4xx_it.o(i.DebugMon_Handler) for DebugMon_Handler
    startup_stm32l452xx.o(RESET) refers to stm32l4xx_it.o(i.PendSV_Handler) for PendSV_Handler
    startup_stm32l452xx.o(RESET) refers to stm32l4xx_it.o(i.SysTick_Handler) for SysTick_Handler
    startup_stm32l452xx.o(RESET) refers to stm32l4xx_it.o(i.DMA1_Channel2_IRQHandler) for DMA1_Channel2_IRQHandler
    startup_stm32l452xx.o(RESET) refers to stm32l4xx_it.o(i.DMA1_Channel3_IRQHandler) for DMA1_Channel3_IRQHandler
    startup_stm32l452xx.o(RESET) refers to stm32l4xx_it.o(i.DMA1_Channel4_IRQHandler) for DMA1_Channel4_IRQHandler
    startup_stm32l452xx.o(RESET) refers to stm32l4xx_it.o(i.DMA1_Channel5_IRQHandler) for DMA1_Channel5_IRQHandler
    startup_stm32l452xx.o(RESET) refers to stm32l4xx_it.o(i.DMA1_Channel6_IRQHandler) for DMA1_Channel6_IRQHandler
    startup_stm32l452xx.o(RESET) refers to stm32l4xx_it.o(i.DMA1_Channel7_IRQHandler) for DMA1_Channel7_IRQHandler
    startup_stm32l452xx.o(RESET) refers to stm32l4xx_it.o(i.TIM1_BRK_TIM15_IRQHandler) for TIM1_BRK_TIM15_IRQHandler
    startup_stm32l452xx.o(RESET) refers to stm32l4xx_it.o(i.TIM1_UP_TIM16_IRQHandler) for TIM1_UP_TIM16_IRQHandler
    startup_stm32l452xx.o(RESET) refers to stm32l4xx_it.o(i.USART2_IRQHandler) for USART2_IRQHandler
    startup_stm32l452xx.o(RESET) refers to stm32l4xx_it.o(i.EXTI15_10_IRQHandler) for EXTI15_10_IRQHandler
    startup_stm32l452xx.o(.text) refers (Special) to heapauxi.o(.text) for __use_two_region_memory
    startup_stm32l452xx.o(.text) refers to system_stm32l4xx.o(i.SystemInit) for SystemInit
    startup_stm32l452xx.o(.text) refers to __main.o(!!!main) for __main
    startup_stm32l452xx.o(.text) refers to startup_stm32l452xx.o(HEAP) for Heap_Mem
    startup_stm32l452xx.o(.text) refers to startup_stm32l452xx.o(STACK) for Stack_Mem
    adc_ads124.o(i.ADC_1to4Voltage) refers to stm32l4xx_hal_gpio.o(i.HAL_GPIO_WritePin) for HAL_GPIO_WritePin
    adc_ads124.o(i.ADC_1to4Voltage) refers to adc_ads124.o(i.ADC_WREG) for ADC_WREG
    adc_ads124.o(i.ADC_1to4Voltage) refers to main.o(.data) for ADC_1to4Voltage_flag
    adc_ads124.o(i.ADC_Init) refers to stm32l4xx_hal_gpio.o(i.HAL_GPIO_WritePin) for HAL_GPIO_WritePin
    adc_ads124.o(i.ADC_Init) refers to stm32l4xx_hal.o(i.HAL_Delay) for HAL_Delay
    adc_ads124.o(i.ADC_Init) refers to adc_ads124.o(i.ADC_RREG) for ADC_RREG
    adc_ads124.o(i.ADC_Init) refers to adc_ads124.o(i.ADC_WREG) for ADC_WREG
    adc_ads124.o(i.ADC_RDATA) refers to stm32l4xx_hal_spi.o(i.HAL_SPI_TransmitReceive) for HAL_SPI_TransmitReceive
    adc_ads124.o(i.ADC_RDATA) refers to main.o(.data) for DIN
    adc_ads124.o(i.ADC_RDATA) refers to spi.o(.bss) for hspi1
    adc_ads124.o(i.ADC_RREG) refers to stm32l4xx_hal_spi.o(i.HAL_SPI_TransmitReceive_DMA) for HAL_SPI_TransmitReceive_DMA
    adc_ads124.o(i.ADC_RREG) refers to spi.o(.bss) for hspi1
    adc_ads124.o(i.ADC_WREG) refers to stm32l4xx_hal_spi.o(i.HAL_SPI_TransmitReceive_DMA) for HAL_SPI_TransmitReceive_DMA
    adc_ads124.o(i.ADC_WREG) refers to spi.o(.bss) for hspi1
    adc_ads124.o(i.ADC_check) refers to stm32l4xx_hal_gpio.o(i.HAL_GPIO_WritePin) for HAL_GPIO_WritePin
    adc_ads124.o(i.ADC_check) refers to adc_ads124.o(i.ADC_RREG) for ADC_RREG
    adc_ads124.o(i.ADC_check) refers to stm32l4xx_hal.o(i.HAL_Delay) for HAL_Delay
    myiic.o(i.IIC_Ack) refers to stm32l4xx_hal_gpio.o(i.HAL_GPIO_WritePin) for HAL_GPIO_WritePin
    myiic.o(i.IIC_Ack) refers to myiic.o(i.delay_us) for delay_us
    myiic.o(i.IIC_NAck) refers to stm32l4xx_hal_gpio.o(i.HAL_GPIO_WritePin) for HAL_GPIO_WritePin
    myiic.o(i.IIC_NAck) refers to myiic.o(i.delay_us) for delay_us
    myiic.o(i.IIC_ReadBytes) refers to myiic.o(i.IIC_Read_Byte) for IIC_Read_Byte
[...]
    ..\Core\Src\dma.c                        0x00000000   Number         0  dma.o ABSOLUTE
    ..\Core\Src\gpio.c                       0x00000000   Number         0  gpio.o ABSOLUTE
    ..\Core\Src\main.c                       0x00000000   Number         0  main.o ABSOLUTE
    ..\Core\Src\spi.c                        0x00000000   Number         0  spi.o ABSOLUTE
    ..\Core\Src\stm32l4xx_hal_msp.c          0x00000000   Number         0  stm32l4xx_hal_msp.o ABSOLUTE
    ..\Core\Src\stm32l4xx_it.c               0x00000000   Number         0  stm32l4xx_it.o ABSOLUTE
    ..\Core\Src\system_stm32l4xx.c           0x00000000   Number         0  system_stm32l4xx.o ABSOLUTE
    ..\Core\Src\tim.c                        0x00000000   Number         0  tim.o ABSOLUTE
    ..\Core\Src\usart.c                      0x00000000   Number         0  usart.o ABSOLUTE
    ..\Drivers\STM32L4xx_HAL_Driver\Src\stm32l4xx_hal.c 0x00000000   Number         0  stm32l4xx_hal.o ABSOLUTE
    ..\Drivers\STM32L4xx_HAL_Driver\Src\stm32l4xx_hal_cortex.c 0x00000000   Number         0  stm32l4xx_hal_cortex.o ABSOLUTE
    ..\Drivers\STM32L4xx_HAL_Driver\Src\stm32l4xx_hal_dma.c 0x00000000   Number         0  stm32l4xx_hal_dma.o ABSOLUTE
    ..\Drivers\STM32L4xx_HAL_Driver\Src\stm32l4xx_hal_dma_ex.c 0x00000000   Number         0  stm32l4xx_hal_dma_ex.o ABSOLUTE
    ..\Drivers\STM32L4xx_HAL_Driver\Src\stm32l4xx_hal_exti.c 0x00000000   Number         0  stm32l4xx_hal_exti.o ABSOLUTE
    ..\Drivers\STM32L4xx_HAL_Driver\Src\stm32l4xx_hal_flash.c 0x00000000   Number         0  stm32l4xx_hal_flash.o ABSOLUTE
    ..\Drivers\STM32L4xx_HAL_Driver\Src\stm32l4xx_hal_flash_ex.c 0x00000000   Number         0  stm32l4xx_hal_flash_ex.o ABSOLUTE
    ..\Drivers\STM32L4xx_HAL_Driver\Src\stm32l4xx_hal_flash_ramfunc.c 0x00000000   Number         0  stm32l4xx_hal_flash_ramfunc.o ABSOLUTE
    ..\Drivers\STM32L4xx_HAL_Driver\Src\stm32l4xx_hal_gpio.c 0x00000000   Number         0  stm32l4xx_hal_gpio.o ABSOLUTE
    ..\Drivers\STM32L4xx_HAL_Driver\Src\stm32l4xx_hal_i2c.c 0x00000000   Number         0  stm32l4xx_hal_i2c.o ABSOLUTE
    ..\Drivers\STM32L4xx_HAL_Driver\Src\stm32l4xx_hal_i2c_ex.c 0x00000000   Number         0  stm32l4xx_hal_i2c_ex.o ABSOLUTE
    ..\Drivers\STM32L4xx_HAL_Driver\Src\stm32l4xx_hal_pwr.c 0x00000000   Number         0  stm32l4xx_hal_pwr.o ABSOLUTE
    ..\Drivers\STM32L4xx_HAL_Driver\Src\stm32l4xx_hal_pwr_ex.c 0x00000000   Number         0  stm32l4xx_hal_pwr_ex.o ABSOLUTE
    ..\Drivers\STM32L4xx_HAL_Driver\Src\stm32l4xx_hal_rcc.c 0x00000000   Number         0  stm32l4xx_hal_rcc.o ABSOLUTE
    ..\Drivers\STM32L4xx_HAL_Driver\Src\stm32l4xx_hal_rcc_ex.c 0x00000000   Number         0  stm32l4xx_hal_rcc_ex.o ABSOLUTE
    ..\Drivers\STM32L4xx_HAL_Driver\Src\stm32l4xx_hal_spi.c 0x00000000   Number         0  stm32l4xx_hal_spi.o ABSOLUTE
    ..\Drivers\STM32L4xx_HAL_Driver\Src\stm32l4xx_hal_spi_ex.c 0x00000000   Number         0  stm32l4xx_hal_spi_ex.o ABSOLUTE
    ..\Drivers\STM32L4xx_HAL_Driver\Src\stm32l4xx_hal_tim.c 0x00000000   Number         0  stm32l4xx_hal_tim.o ABSOLUTE
    ..\Drivers\STM32L4xx_HAL_Driver\Src\stm32l4xx_hal_tim_ex.c 0x00000000   Number         0  stm32l4xx_hal_tim_ex.o ABSOLUTE
    ..\Drivers\STM32L4xx_HAL_Driver\Src\stm32l4xx_hal_uart.c 0x00000000   Number         0  stm32l4xx_hal_uart.o ABSOLUTE
    ..\Drivers\STM32L4xx_HAL_Driver\Src\stm32l4xx_hal_uart_ex.c 0x00000000   Number         0  stm32l4xx_hal_uart_ex.o ABSOLUTE
    ..\\Core\\Src\\ADC_ADS124.c              0x00000000   Number         0  adc_ads124.o ABSOLUTE
    ..\\Core\\Src\\MAX30101.c                0x00000000   Number         0  max30101.o ABSOLUTE
    ..\\Core\\Src\\MAX30101_2.c              0x00000000   Number         0  max30101_2.o ABSOLUTE
    ..\\Core\\Src\\MIMU.c                    0x00000000   Number         0  mimu.o ABSOLUTE
    ..\\Core\\Src\\MyIIC.c                   0x00000000   Number         0  myiic.o ABSOLUTE
    ..\\Core\\Src\\MyIIC_2.c                 0x00000000   Number         0  myiic_2.o ABSOLUTE
    dc.s                                     0x00000000   Number         0  dc.o ABSOLUTE
    startup_stm32l452xx.s                    0x00000000   Number         0  startup_stm32l452xx.o ABSOLUTE
    RESET                                    0x08000000   Section      404  startup_stm32l452xx.o(RESET)
    !!!main                                  0x08000194   Section        8  __main.o(!!!main)
    !!!scatter                               0x0800019c   Section       52  __scatter.o(!!!scatter)
    !!handler_copy                           0x080001d0   Section       26  __scatter_copy.o(!!handler_copy)
    !!handler_zi                             0x080001ec   Section       28  __scatter_zi.o(!!handler_zi)
    .ARM.Collect$$libinit$$00000000          0x08000208   Section        2  libinit.o(.ARM.Collect$$libinit$$00000000)
    .ARM.Collect$$libinit$$00000001          0x0800020a   Section        4  libinit2.o(.ARM.Collect$$libinit$$00000001)
    .ARM.Collect$$libinit$$00000004          0x0800020e   Section        0  libinit2.o(.ARM.Collect$$libinit$$00000004)
    .ARM.Collect$$libinit$$0000000A          0x0800020e   Section        0  libinit2.o(.ARM.Collect$$libinit$$0000000A)
    .ARM.Collect$$libinit$$0000000C          0x0800020e   Section        0  libinit2.o(.ARM.Collect$$libinit$$0000000C)
    .ARM.Collect$$libinit$$0000000E          0x0800020e   Section        0  libinit2.o(.ARM.Collect$$libinit$$0000000E)
    .ARM.Collect$$libinit$$00000011          0x0800020e   Section        0  libinit2.o(.ARM.Collect$$libinit$$00000011)
    .ARM.Collect$$libinit$$00000013          0x0800020e   Section        0  libinit2.o(.ARM.Collect$$libinit$$00000013)
    .ARM.Collect$$libinit$$00000015          0x0800020e   Section        0  libinit2.o(.ARM.Collect$$libinit$$00000015)
    .ARM.Collect$$libinit$$00000017          0x0800020e   Section        0  libinit2.o(.ARM.Collect$$libinit$$00000017)
    .ARM.Collect$$libinit$$00000019          0x0800020e   Section        0  libinit2.o(.ARM.Collect$$libinit$$00000019)
    .ARM.Collect$$libinit$$0000001B          0x0800020e   Section        0  libinit2.o(.ARM.Collect$$libinit$$0000001B)
    .ARM.Collect$$libinit$$0000001D          0x0800020e   Section        0  libinit2.o(.ARM.Collect$$libinit$$0000001D)
    .ARM.Collect$$libinit$$0000001F          0x0800020e   Section        0  libinit2.o(.ARM.Collect$$libinit$$0000001F)
    .ARM.Collect$$libinit$$00000021          0x0800020e   Section        0  libinit2.o(.ARM.Collect$$libinit$$00000021)
    .ARM.Collect$$libinit$$00000023          0x0800020e   Section        0  libinit2.o(.ARM.Collect$$libinit$$00000023)
    .ARM.Collect$$libinit$$00000025          0x0800020e   Section        0  libinit2.o(.ARM.Collect$$libinit$$00000025)
    .ARM.Collect$$libinit$$0000002C          0x0800020e   Section        0  libinit2.o(.ARM.Collect$$libinit$$0000002C)
    .ARM.Collect$$libinit$$0000002E          0x0800020e   Section        0  libinit2.o(.ARM.Collect$$libinit$$0000002E)
    .ARM.Collect$$libinit$$00000030          0x0800020e   Section        0  libinit2.o(.ARM.Collect$$libinit$$00000030)
    .ARM.Collect$$libinit$$00000032          0x0800020e   Section        0  libinit2.o(.ARM.Collect$$libinit$$00000032)
    .ARM.Collect$$libinit$$00000033          0x0800020e   Section        2  libinit2.o(.ARM.Collect$$libinit$$00000033)
    .ARM.Collect$$libshutdown$$00000000      0x08000210   Section        2  libshutdown.o(.ARM.Collect$$libshutdown$$00000000)
    .ARM.Collect$$libshutdown$$00000003      0x08000212   Section        0  libshutdown2.o(.ARM.Collect$$libshutdown$$00000003)
    .ARM.Collect$$libshutdown$$00000006      0x08000212   Section        0  libshutdown2.o(.ARM.Collect$$libshutdown$$00000006)
    .ARM.Collect$$libshutdown$$00000009      0x08000212   Section        0  libshutdown2.o(.ARM.Collect$$libshutdown$$00000009)
    .ARM.Collect$$libshutdown$$0000000B      0x08000212   Section        0  libshutdown2.o(.ARM.Collect$$libshutdown$$0000000B)
    .ARM.Collect$$libshutdown$$0000000E      0x08000212   Section        0  libshutdown2.o(.ARM.Collect$$libshutdown$$0000000E)
    .ARM.Collect$$libshutdown$$0000000F      0x08000212   Section        2  libshutdown2.o(.ARM.Collect$$libshutdown$$0000000F)
    .ARM.Collect$$rtentry$$00000000          0x08000214   Section        0  __rtentry.o(.ARM.Collect$$rtentry$$00000000)
    .ARM.Collect$$rtentry$$00000002          0x08000214   Section        0  __rtentry2.o(.ARM.Collect$$rtentry$$00000002)
    .ARM.Collect$$rtentry$$00000004          0x08000214   Section        6  __rtentry4.o(.ARM.Collect$$rtentry$$00000004)
    .ARM.Collect$$rtentry$$00000009          0x0800021a   Section        0  __rtentry2.o(.ARM.Collect$$rtentry$$00000009)
    .ARM.Collect$$rtentry$$0000000A          0x0800021a   Section        4  __rtentry2.o(.ARM.Collect$$rtentry$$0000000A)
    .ARM.Collect$$rtentry$$0000000C          0x0800021e   Section        0  __rtentry2.o(.ARM.Collect$$rtentry$$0000000C)
    .ARM.Collect$$rtentry$$0000000D          0x0800021e   Section        8  __rtentry2.o(.ARM.Collect$$rtentry$$0000000D)
    .ARM.Collect$$rtexit$$00000000           0x08000226   Section        2  rtexit.o(.ARM.Collect$$rtexit$$00000000)
    .ARM.Collect$$rtexit$$00000002           0x08000228   Section        0  rtexit2.o(.ARM.Collect$$rtexit$$00000002)
    .ARM.Collect$$rtexit$$00000003           0x08000228   Section        4  rtexit2.o(.ARM.Collect$$rtexit$$00000003)
    .ARM.Collect$$rtexit$$00000004           0x0800022c   Section        6  rtexit2.o(.ARM.Collect$$rtexit$$00000004)
    .text                                    0x08000234   Section       64  startup_stm32l452xx.o(.text)
    $v0                                      0x08000234   Number         0  startup_stm32l452xx.o(.text)
    .text                                    0x08000274   Section      238  lludivv7m.o(.text)
    .text                                    0x08000362   Section       78  rt_memclr_w.o(.text)
    .text                                    0x080003b0   Section        0  heapauxi.o(.text)
    .text                                    0x080003b6   Section       74  sys_stackheap_outer.o(.text)
    .text                                    0x08000400   Section        0  exit.o(.text)
    .text                                    0x0800040c   Section        8  libspace.o(.text)
    .text                                    0x08000414   Section        0  sys_exit.o(.text)
    .text                                    0x08000420   Section        2  use_no_semi.o(.text)
    .text                                    0x08000422   Section        0  indicate_semi.o(.text)
    i.ACC_6BytesRead                         0x08000424   Section        0  mimu.o(i.ACC_6BytesRead)
    i.ACC_GYRO_Read                          0x08000484   Section        0  mimu.o(i.ACC_GYRO_Read)
    i.ACC_GYRO_Write                         0x080004e0   Section        0  mimu.o(i.ACC_GYRO_Write)
    i.ADC_Init                               0x0800053c   Section        0  adc_ads124.o(i.ADC_Init)
    i.ADC_RDATA                              0x08000630   Section        0  adc_ads124.o(i.ADC_RDATA)
    i.ADC_RREG                               0x08000664   Section        0  adc_ads124.o(i.ADC_RREG)
    i.ADC_WREG                               0x08000688   Section        0  adc_ads124.o(i.ADC_WREG)
    i.ADC_check                              0x080006b4   Section        0  adc_ads124.o(i.ADC_check)
    i.BLE_Init                               0x080006e8   Section        0  main.o(i.BLE_Init)
    BLE_Init                                 0x080006e9   Thumb Code   174  main.o(i.BLE_Init)
    i.BusFault_Handler                       0x080007b8   Section        0  stm32l4xx_it.o(i.BusFault_Handler)
    i.CheckXOR                               0x080007bc   Section        0  main.o(i.CheckXOR)
    i.DMA1_Channel2_IRQHandler               0x080007d8   Section        0  stm32l4xx_it.o(i.DMA1_Channel2_IRQHandler)
    i.DMA1_Channel3_IRQHandler               0x080007e8   Section        0  stm32l4xx_it.o(i.DMA1_Channel3_IRQHandler)
    i.DMA1_Channel4_IRQHandler               0x080007f8   Section        0  stm32l4xx_it.o(i.DMA1_Channel4_IRQHandler)
    i.DMA1_Channel5_IRQHandler               0x08000808   Section        0  stm32l4xx_it.o(i.DMA1_Channel5_IRQHandler)
    i.DMA1_Channel6_IRQHandler               0x08000818   Section        0  stm32l4xx_it.o(i.DMA1_Channel6_IRQHandler)
    i.DMA1_Channel7_IRQHandler               0x08000828   Section        0  stm32l4xx_it.o(i.DMA1_Channel7_IRQHandler)
    i.DMA_SetConfig                          0x08000838   Section        0  stm32l4xx_hal_dma.o(i.DMA_SetConfig)
    DMA_SetConfig                            0x08000839   Thumb Code    48  stm32l4xx_hal_dma.o(i.DMA_SetConfig)
    i.DebugMon_Handler                       0x08000868   Section        0  stm32l4xx_it.o(i.DebugMon_Handler)
    i.EXTI15_10_IRQHandler                   0x0800086a   Section        0  stm32l4xx_it.o(i.EXTI15_10_IRQHandler)
    i.Error_Handler                          0x08000876   Section        0  main.o(i.Error_Handler)
    i.HAL_DMA_Abort                          0x0800087c   Section        0  stm32l4xx_hal_dma.o(i.HAL_DMA_Abort)
    i.HAL_DMA_Abort_IT                       0x080008d6   Section        0  stm32l4xx_hal_dma.o(i.HAL_DMA_Abort_IT)
    i.HAL_DMA_GetError                       0x08000932   Section        0  stm32l4xx_hal_dma.o(i.HAL_DMA_GetError)
    i.HAL_DMA_IRQHandler                     0x08000938   Section        0  stm32l4xx_hal_dma.o(i.HAL_DMA_IRQHandler)
    i.HAL_DMA_Init                           0x08000a38   Section        0  stm32l4xx_hal_dma.o(i.HAL_DMA_Init)
    i.HAL_DMA_Start_IT                       0x08000b44   Section        0  stm32l4xx_hal_dma.o(i.HAL_DMA_Start_IT)
    i.HAL_Delay                              0x08000be0   Section        0  stm32l4xx_hal.o(i.HAL_Delay)
    i.HAL_GPIO_EXTI_Callback                 0x08000c08   Section        0  main.o(i.HAL_GPIO_EXTI_Callback)
    i.HAL_GPIO_EXTI_IRQHandler               0x08000d98   Section        0  stm32l4xx_hal_gpio.o(i.HAL_GPIO_EXTI_IRQHandler)
    i.HAL_GPIO_Init                          0x08000db4   Section        0  stm32l4xx_hal_gpio.o(i.HAL_GPIO_Init)
    i.HAL_GPIO_ReadPin                       0x08000f74   Section        0  stm32l4xx_hal_gpio.o(i.HAL_GPIO_ReadPin)
    i.HAL_GPIO_WritePin                      0x08000f84   Section        0  stm32l4xx_hal_gpio.o(i.HAL_GPIO_WritePin)
    i.HAL_GetTick                            0x08000f90   Section        0  stm32l4xx_hal.o(i.HAL_GetTick)
    i.HAL_IncTick                            0x08000f9c   Section        0  stm32l4xx_hal.o(i.HAL_IncTick)
    i.HAL_Init                               0x08000fb4   Section        0  stm32l4xx_hal.o(i.HAL_Init)
    i.HAL_InitTick                           0x08000fd4   Section        0  stm32l4xx_hal.o(i.HAL_InitTick)
    i.HAL_MspInit                            0x0800102c   Section        0  stm32l4xx_hal_msp.o(i.HAL_MspInit)
    i.HAL_NVIC_EnableIRQ                     0x0800106c   Section        0  stm32l4xx_hal_cortex.o(i.HAL_NVIC_EnableIRQ)
    i.HAL_NVIC_SetPriority                   0x08001094   Section        0  stm32l4xx_hal_cortex.o(i.HAL_NVIC_SetPriority)
    i.HAL_NVIC_SetPriorityGrouping           0x08001110   Section        0  stm32l4xx_hal_cortex.o(i.HAL_NVIC_SetPriorityGrouping)
    i.HAL_PWREx_ControlVoltageScaling        0x08001138   Section        0  stm32l4xx_hal_pwr_ex.o(i.HAL_PWREx_ControlVoltageScaling)
    i.HAL_PWREx_GetVoltageRange              0x080011c4   Section        0  stm32l4xx_hal_pwr_ex.o(i.HAL_PWREx_GetVoltageRange)
    i.HAL_RCCEx_PeriphCLKConfig              0x080011d4   Section        0  stm32l4xx_hal_rcc_ex.o(i.HAL_RCCEx_PeriphCLKConfig)
    i.HAL_RCC_ClockConfig                    0x080015e4   Section        0  stm32l4xx_hal_rcc.o(i.HAL_RCC_ClockConfig)
    i.HAL_RCC_GetHCLKFreq                    0x08001760   Section        0  stm32l4xx_hal_rcc.o(i.HAL_RCC_GetHCLKFreq)
    i.HAL_RCC_GetPCLK1Freq                   0x0800176c   Section        0  stm32l4xx_hal_rcc.o(i.HAL_RCC_GetPCLK1Freq)
    i.HAL_RCC_GetPCLK2Freq                   0x08001790   Section        0  stm32l4xx_hal_rcc.o(i.HAL_RCC_GetPCLK2Freq)
    i.HAL_RCC_GetSysClockFreq                0x080017b4   Section        0  stm32l4xx_hal_rcc.o(i.HAL_RCC_GetSysClockFreq)
    i.HAL_RCC_OscConfig                      0x080018a0   Section        0  stm32l4xx_hal_rcc.o(i.HAL_RCC_OscConfig)
    i.HAL_SPI_ErrorCallback                  0x08002008   Section        0  stm32l4xx_hal_spi.o(i.HAL_SPI_ErrorCallback)
    i.HAL_SPI_Init                           0x0800200a   Section        0  stm32l4xx_hal_spi.o(i.HAL_SPI_Init)
    i.HAL_SPI_MspInit                        0x080020fc   Section        0  spi.o(i.HAL_SPI_MspInit)
    i.HAL_SPI_RxCpltCallback                 0x080022c4   Section        0  stm32l4xx_hal_spi.o(i.HAL_SPI_RxCpltCallback)
    i.HAL_SPI_RxHalfCpltCallback             0x080022c6   Section        0  stm32l4xx_hal_spi.o(i.HAL_SPI_RxHalfCpltCallback)
    i.HAL_SPI_TransmitReceive                0x080022c8   Section        0  stm32l4xx_hal_spi.o(i.HAL_SPI_TransmitReceive)
    i.HAL_SPI_TransmitReceive_DMA            0x08002584   Section        0  stm32l4xx_hal_spi.o(i.HAL_SPI_TransmitReceive_DMA)
    i.HAL_SPI_TxRxCpltCallback               0x080027b4   Section        0  stm32l4xx_hal_spi.o(i.HAL_SPI_TxRxCpltCallback)
    i.HAL_SPI_TxRxHalfCpltCallback           0x080027b6   Section        0  stm32l4xx_hal_spi.o(i.HAL_SPI_TxRxHalfCpltCallback)
    i.HAL_SYSTICK_Config                     0x080027b8   Section        0  stm32l4xx_hal_cortex.o(i.HAL_SYSTICK_Config)
    i.HAL_TIMEx_Break2Callback               0x080027ec   Section        0  stm32l4xx_hal_tim_ex.o(i.HAL_TIMEx_Break2Callback)
    i.HAL_TIMEx_BreakCallback                0x080027ee   Section        0  stm32l4xx_hal_tim_ex.o(i.HAL_TIMEx_BreakCallback)
    i.HAL_TIMEx_CommutCallback               0x080027f0   Section        0  stm32l4xx_hal_tim_ex.o(i.HAL_TIMEx_CommutCallback)
    i.HAL_TIM_Base_Init                      0x080027f2   Section        0  stm32l4xx_hal_tim.o(i.HAL_TIM_Base_Init)
    i.HAL_TIM_Base_MspInit                   0x08002860   Section        0  tim.o(i.HAL_TIM_Base_MspInit)
    i.HAL_TIM_Base_Start_IT                  0x080028dc   Section        0  stm32l4xx_hal_tim.o(i.HAL_TIM_Base_Start_IT)
    i.HAL_TIM_IC_CaptureCallback             0x08002960   Section        0  stm32l4xx_hal_tim.o(i.HAL_TIM_IC_CaptureCallback)
    i.HAL_TIM_IRQHandler                     0x08002962   Section        0  stm32l4xx_hal_tim.o(i.HAL_TIM_IRQHandler)
    i.HAL_TIM_OC_DelayElapsedCallback        0x08002b1a   Section        0  stm32l4xx_hal_tim.o(i.HAL_TIM_OC_DelayElapsedCallback)
    i.HAL_TIM_PWM_PulseFinishedCallback      0x08002b1c   Section        0  stm32l4xx_hal_tim.o(i.HAL_TIM_PWM_PulseFinishedCallback)
    i.HAL_TIM_PeriodElapsedCallback          0x08002b20   Section        0  main.o(i.HAL_TIM_PeriodElapsedCallback)
    i.HAL_TIM_TriggerCallback                0x08002b64   Section        0  stm32l4xx_hal_tim.o(i.HAL_TIM_TriggerCallback)
    i.HAL_UARTEx_RxEventCallback             0x08002b66   Section        0  stm32l4xx_hal_uart.o(i.HAL_UARTEx_RxEventCallback)
    i.HAL_UARTEx_WakeupCallback              0x08002b68   Section        0  stm32l4xx_hal_uart_ex.o(i.HAL_UARTEx_WakeupCallback)
    i.HAL_UART_DMAStop                       0x08002b6a   Section        0  stm32l4xx_hal_uart.o(i.HAL_UART_DMAStop)
    i.HAL_UART_ErrorCallback                 0x08002c1e   Section        0  stm32l4xx_hal_uart.o(i.HAL_UART_ErrorCallback)
    i.HAL_UART_IRQHandler                    0x08002c20   Section        0  stm32l4xx_hal_uart.o(i.HAL_UART_IRQHandler)
    i.HAL_UART_Init                          0x08002f68   Section        0  stm32l4xx_hal_uart.o(i.HAL_UART_Init)
    i.HAL_UART_MspInit                       0x08002fdc   Section        0  usart.o(i.HAL_UART_MspInit)
    i.HAL_UART_Transmit                      0x080030f4   Section        0  stm32l4xx_hal_uart.o(i.HAL_UART_Transmit)
    i.HAL_UART_Transmit_DMA                  0x080031c8   Section        0  stm32l4xx_hal_uart.o(i.HAL_UART_Transmit_DMA)
    i.HAL_UART_TxCpltCallback                0x08003290   Section        0  stm32l4xx_hal_uart.o(i.HAL_UART_TxCpltCallback)
    i.HAL_UART_TxHalfCpltCallback            0x08003292   Section        0  stm32l4xx_hal_uart.o(i.HAL_UART_TxHalfCpltCallback)
    i.HardFault_Handler                      0x08003294   Section        0  stm32l4xx_it.o(i.HardFault_Handler)
    i.IIC_Ack                                0x08003298   Section        0  myiic.o(i.IIC_Ack)
    i.IIC_NAck                               0x080032e4   Section        0  myiic.o(i.IIC_NAck)
    i.IIC_ReadBytes                          0x08003330   Section        0  myiic.o(i.IIC_ReadBytes)
    i.IIC_Read_Byte                          0x08003358   Section        0  myiic.o(i.IIC_Read_Byte)
    i.IIC_Send_Byte                          0x080033b2   Section        0  myiic.o(i.IIC_Send_Byte)
    i.IIC_Start                              0x0800341c   Section        0  myiic.o(i.IIC_Start)
    i.IIC_Stop                               0x0800345c   Section        0  myiic.o(i.IIC_Stop)
    i.IIC_Wait_Ack                           0x0800349c   Section        0  myiic.o(i.IIC_Wait_Ack)
    i.MAG_Read                               0x080034f4   Section        0  mimu.o(i.MAG_Read)
    i.MAG_Write                              0x08003554   Section        0  mimu.o(i.MAG_Write)
    i.MAX30101_Init                          0x080035ac   Section        0  max30101.o(i.MAX30101_Init)
    i.MAX_Check                              0x08003630   Section        0  max30101.o(i.MAX_Check)
    i.MAX_ReadFIFO_Burst                     0x08003648   Section        0  max30101.o(i.MAX_ReadFIFO_Burst)
    i.MAX_ReadOneByte                        0x08003682   Section        0  max30101.o(i.MAX_ReadOneByte)
    i.MAX_WriteOneByte                       0x080036be   Section        0  max30101.o(i.MAX_WriteOneByte)
    i.MIMU_Init                              0x080036ec   Section        0  mimu.o(i.MIMU_Init)
    i.MIMU_check                             0x08003738   Section        0  mimu.o(i.MIMU_check)
    i.MX_DMA_Init                            0x0800377c   Section        0  dma.o(i.MX_DMA_Init)
    i.MX_GPIO_Init                           0x08003800   Section        0  gpio.o(i.MX_GPIO_Init)
    i.MX_SPI1_Init                           0x08003990   Section        0  spi.o(i.MX_SPI1_Init)
    i.MX_SPI2_Init                           0x080039e0   Section        0  spi.o(i.MX_SPI2_Init)
    i.MX_TIM16_Init                          0x08003a30   Section        0  tim.o(i.MX_TIM16_Init)
    i.MX_USART2_UART_Init                    0x08003a68   Section        0  usart.o(i.MX_USART2_UART_Init)
    i.MemManage_Handler                      0x08003aa8   Section        0  stm32l4xx_it.o(i.MemManage_Handler)
    i.NMI_Handler                            0x08003aac   Section        0  stm32l4xx_it.o(i.NMI_Handler)
    i.PPG_Config_Green_Hardcoded             0x08003ab0   Section        0  main.o(i.PPG_Config_Green_Hardcoded)
    PPG_Config_Green_Hardcoded               0x08003ab1   Thumb Code    76  main.o(i.PPG_Config_Green_Hardcoded)
    i.PendSV_Handler                         0x08003afc   Section        0  stm32l4xx_it.o(i.PendSV_Handler)
    i.RCCEx_PLLSAI1_Config                   0x08003b00   Section        0  stm32l4xx_hal_rcc_ex.o(i.RCCEx_PLLSAI1_Config)
    RCCEx_PLLSAI1_Config                     0x08003b01   Thumb Code   376  stm32l4xx_hal_rcc_ex.o(i.RCCEx_PLLSAI1_Config)
    i.RCC_SetFlashLatencyFromMSIRange        0x08003c88   Section        0  stm32l4xx_hal_rcc.o(i.RCC_SetFlashLatencyFromMSIRange)
    RCC_SetFlashLatencyFromMSIRange          0x08003c89   Thumb Code   148  stm32l4xx_hal_rcc.o(i.RCC_SetFlashLatencyFromMSIRange)
    i.SPI_DMAError                           0x08003d24   Section        0  stm32l4xx_hal_spi.o(i.SPI_DMAError)
    SPI_DMAError                             0x08003d25   Thumb Code    40  stm32l4xx_hal_spi.o(i.SPI_DMAError)
    i.SPI_DMAHalfReceiveCplt                 0x08003d4c   Section        0  stm32l4xx_hal_spi.o(i.SPI_DMAHalfReceiveCplt)
    SPI_DMAHalfReceiveCplt                   0x08003d4d   Thumb Code    14  stm32l4xx_hal_spi.o(i.SPI_DMAHalfReceiveCplt)
    i.SPI_DMAHalfTransmitReceiveCplt         0x08003d5a   Section        0  stm32l4xx_hal_spi.o(i.SPI_DMAHalfTransmitReceiveCplt)
    SPI_DMAHalfTransmitReceiveCplt           0x08003d5b   Thumb Code    14  stm32l4xx_hal_spi.o(i.SPI_DMAHalfTransmitReceiveCplt)
    i.SPI_DMAReceiveCplt                     0x08003d68   Section        0  stm32l4xx_hal_spi.o(i.SPI_DMAReceiveCplt)
    SPI_DMAReceiveCplt                       0x08003d69   Thumb Code   124  stm32l4xx_hal_spi.o(i.SPI_DMAReceiveCplt)
    i.SPI_DMATransmitReceiveCplt             0x08003de4   Section        0  stm32l4xx_hal_spi.o(i.SPI_DMATransmitReceiveCplt)
    SPI_DMATransmitReceiveCplt               0x08003de5   Thumb Code   104  stm32l4xx_hal_spi.o(i.SPI_DMATransmitReceiveCplt)
    i.SPI_EndRxTransaction                   0x08003e4c   Section        0  stm32l4xx_hal_spi.o(i.SPI_EndRxTransaction)
    SPI_EndRxTransaction                     0x08003e4d   Thumb Code   130  stm32l4xx_hal_spi.o(i.SPI_EndRxTransaction)
    i.SPI_EndRxTxTransaction                 0x08003ece   Section        0  stm32l4xx_hal_spi.o(i.SPI_EndRxTxTransaction)
    SPI_EndRxTxTransaction                   0x08003ecf   Thumb Code   100  stm32l4xx_hal_spi.o(i.SPI_EndRxTxTransaction)
    i.SPI_WaitFifoStateUntilTimeout          0x08003f34   Section        0  stm32l4xx_hal_spi.o(i.SPI_WaitFifoStateUntilTimeout)
    SPI_WaitFifoStateUntilTimeout            0x08003f35   Thumb Code   242  stm32l4xx_hal_spi.o(i.SPI_WaitFifoStateUntilTimeout)
    i.SPI_WaitFlagStateUntilTimeout          0x0800402c   Section        0  stm32l4xx_hal_spi.o(i.SPI_WaitFlagStateUntilTimeout)
    SPI_WaitFlagStateUntilTimeout            0x0800402d   Thumb Code   210  stm32l4xx_hal_spi.o(i.SPI_WaitFlagStateUntilTimeout)
    i.SVC_Handler                            0x08004104   Section        0  stm32l4xx_it.o(i.SVC_Handler)
    i.SysTick_Handler                        0x08004106   Section        0  stm32l4xx_it.o(i.SysTick_Handler)
    i.SystemClock_Config                     0x0800410e   Section        0  main.o(i.SystemClock_Config)
    i.SystemInit                             0x08004184   Section        0  system_stm32l4xx.o(i.SystemInit)
    i.TIM1_BRK_TIM15_IRQHandler              0x08004198   Section        0  stm32l4xx_it.o(i.TIM1_BRK_TIM15_IRQHandler)
    i.TIM1_UP_TIM16_IRQHandler               0x080041a8   Section        0  stm32l4xx_it.o(i.TIM1_UP_TIM16_IRQHandler)
    i.TIM_Base_SetConfig                     0x080041b8   Section        0  stm32l4xx_hal_tim.o(i.TIM_Base_SetConfig)
    i.UART_AdvFeatureConfig                  0x0800423c   Section        0  stm32l4xx_hal_uart.o(i.UART_AdvFeatureConfig)
    i.UART_CheckIdleState                    0x08004334   Section        0  stm32l4xx_hal_uart.o(i.UART_CheckIdleState)
    i.UART_DMAAbortOnError                   0x080043a6   Section        0  stm32l4xx_hal_uart.o(i.UART_DMAAbortOnError)
    UART_DMAAbortOnError                     0x080043a7   Thumb Code    24  stm32l4xx_hal_uart.o(i.UART_DMAAbortOnError)
    i.UART_DMAError                          0x080043be   Section        0  stm32l4xx_hal_uart.o(i.UART_DMAError)
    UART_DMAError                            0x080043bf   Thumb Code    90  stm32l4xx_hal_uart.o(i.UART_DMAError)
    i.UART_DMATransmitCplt                   0x08004418   Section        0  stm32l4xx_hal_uart.o(i.UART_DMATransmitCplt)
    UART_DMATransmitCplt                     0x08004419   Thumb Code    86  stm32l4xx_hal_uart.o(i.UART_DMATransmitCplt)
    i.UART_DMATxHalfCplt                     0x0800446e   Section        0  stm32l4xx_hal_uart.o(i.UART_DMATxHalfCplt)
    UART_DMATxHalfCplt                       0x0800446f   Thumb Code    14  stm32l4xx_hal_uart.o(i.UART_DMATxHalfCplt)
    i.UART_EndRxTransfer                     0x0800447c   Section        0  stm32l4xx_hal_uart.o(i.UART_EndRxTransfer)
    UART_EndRxTransfer                       0x0800447d   Thumb Code   100  stm32l4xx_hal_uart.o(i.UART_EndRxTransfer)
    i.UART_EndTransmit_IT                    0x080044e0   Section        0  stm32l4xx_hal_uart.o(i.UART_EndTransmit_IT)
    UART_EndTransmit_IT                      0x080044e1   Thumb Code    46  stm32l4xx_hal_uart.o(i.UART_EndTransmit_IT)
    i.UART_EndTxTransfer                     0x0800450e   Section        0  stm32l4xx_hal_uart.o(i.UART_EndTxTransfer)
    UART_EndTxTransfer                       0x0800450f   Thumb Code    32  stm32l4xx_hal_uart.o(i.UART_EndTxTransfer)
    i.UART_SetConfig                         0x08004530   Section        0  stm32l4xx_hal_uart.o(i.UART_SetConfig)
    i.UART_WaitOnFlagUntilTimeout            0x08004858   Section        0  stm32l4xx_hal_uart.o(i.UART_WaitOnFlagUntilTimeout)
    i.USART2_IRQHandler                      0x08004950   Section        0  stm32l4xx_it.o(i.USART2_IRQHandler)
    i.UsageFault_Handler                     0x08004998   Section        0  stm32l4xx_it.o(i.UsageFault_Handler)
    i.__NVIC_GetPriorityGrouping             0x0800499c   Section        0  stm32l4xx_hal_cortex.o(i.__NVIC_GetPriorityGrouping)
    __NVIC_GetPriorityGrouping               0x0800499d   Thumb Code    10  stm32l4xx_hal_cortex.o(i.__NVIC_GetPriorityGrouping)
    i.__NVIC_SetPriority                     0x080049ac   Section        0  stm32l4xx_hal_cortex.o(i.__NVIC_SetPriority)
    __NVIC_SetPriority                       0x080049ad   Thumb Code    32  stm32l4xx_hal_cortex.o(i.__NVIC_SetPriority)
    i.delay_us                               0x080049d4   Section        0  myiic.o(i.delay_us)
    i.main                                   0x080049f4   Section        0  main.o(i.main)
    x$fpl$fpinit                             0x08004db0   Section       10  fpinit.o(x$fpl$fpinit)
    $v0                                      0x08004db0   Number         0  fpinit.o(x$fpl$fpinit)
    .constdata                               0x08004dba   Section      116  main.o(.constdata)
    CMD_WAKE                                 0x08004dba   Data          18  main.o(.constdata)
    CMD_TX_POWER                             0x08004dcc   Data          19  main.o(.constdata)
    CMD_NAME                                 0x08004ddf   Data          23  main.o(.constdata)
    CMD_SECRET                               0x08004df6   Data          19  main.o(.constdata)
    CMD_BAUD                                 0x08004e09   Data          17  main.o(.constdata)
    CMD_MIN_GAP                              0x08004e1a   Data          20  main.o(.constdata)
    .constdata                               0x08004e30   Section       72  system_stm32l4xx.o(.constdata)
    .data                                    0x20000000   Section       36  main.o(.data)
    last_avg_green                           0x20000020   Data           4  main.o(.data)
    .data                                    0x20000024   Section        9  stm32l4xx_hal.o(.data)
    .data                                    0x20000030   Section        4  system_stm32l4xx.o(.data)
    .bss                                     0x20000034   Section      305  main.o(.bss)
    .bss                                     0x20000168   Section      488  spi.o(.bss)
    .bss                                     0x20000350   Section      152  tim.o(.bss)
    .bss                                     0x200003e8   Section      276  usart.o(.bss)
    .bss                                     0x200004fc   Section       96  libspace.o(.bss)
    HEAP                                     0x20000560   Section      512  startup_stm32l452xx.o(HEAP)
    Heap_Mem                                 0x20000560   Data         512  startup_stm32l452xx.o(HEAP)
    STACK                                    0x20000760   Section     1024  startup_stm32l452xx.o(STACK)
    Stack_Mem                                0x20000760   Data        1024  startup_stm32l452xx.o(STACK)
    __initial_sp                             0x20000b60   Data           0  startup_stm32l452xx.o(STACK)

    Global Symbols

    Symbol Name                              Value     Ov Type        Size  Object(Section)

    BuildAttributes$$THM_ISAv4$E$P$D$K$B$S$7EM$VFPi3$EXTD16$VFPS$VFMA$PE$A:L22UL41UL21$X:L11$S22US41US21$IEEE1$IW$USESV6$~STKCKD$USESV7$~SHL$OSPACE$ROPI$EBA8$UX$STANDARDLIB$REQ8$PRES8$EABIv2 0x00000000   Number         0  anon$$obj.o ABSOLUTE
    __ARM_use_no_argv                        0x00000000   Number         0  main.o ABSOLUTE
    __ARM_exceptions_init                     - Undefined Weak Reference
    __alloca_initialize                       - Undefined Weak Reference
    __arm_preinit_                            - Undefined Weak Reference
    __cpp_initialize__aeabi_                  - Undefined Weak Reference
    __cxa_finalize                            - Undefined Weak Reference
    __rt_locale                               - Undefined Weak Reference
    __sigvec_lookup                           - Undefined Weak Reference
    _atexit_init                              - Undefined Weak Reference
    _call_atexit_fns                          - Undefined Weak Reference
    _clock_init                               - Undefined Weak Reference
    _fp_trap_init                             - Undefined Weak Reference
    _fp_trap_shutdown                         - Undefined Weak Reference
    _get_lc_collate                           - Undefined Weak Reference
    _get_lc_ctype                             - Undefined Weak Reference
    _get_lc_monetary                          - Undefined Weak Reference
    _get_lc_numeric                           - Undefined Weak Reference
    _get_lc_time                              - Undefined Weak Reference
    _getenv_init                              - Undefined Weak Reference
    _handle_redirection                       - Undefined Weak Reference
    _init_alloc                               - Undefined Weak Reference
    _init_user_alloc                          - Undefined Weak Reference
    _initio                                   - Undefined Weak Reference
    _rand_init                                - Undefined Weak Reference
    _signal_finish                            - Undefined Weak Reference
    _signal_init                              - Undefined Weak Reference
    _terminate_alloc                          - Undefined Weak Reference
    _terminate_user_alloc                     - Undefined Weak Reference
    _terminateio                              - Undefined Weak Reference
    __Vectors_Size                           0x00000194   Number         0  startup_stm32l452xx.o ABSOLUTE
    __Vectors                                0x08000000   Data           4  startup_stm32l452xx.o(RESET)
    __Vectors_End                            0x08000194   Data           0  startup_stm32l452xx.o(RESET)
    __main                                   0x08000195   Thumb Code     8  __main.o(!!!main)
    __scatterload                            0x0800019d   Thumb Code     0  __scatter.o(!!!scatter)
    __scatterload_rt2                        0x0800019d   Thumb Code    44  __scatter.o(!!!scatter)
    __scatterload_rt2_thumb_only             0x0800019d   Thumb Code     0  __scatter.o(!!!scatter)
    __scatterload_null                       0x080001ab   Thumb Code     0  __scatter.o(!!!scatter)
    __scatterload_copy                       0x080001d1   Thumb Code    26  __scatter_copy.o(!!handler_copy)
    __scatterload_zeroinit                   0x080001ed   Thumb Code    28  __scatter_zi.o(!!handler_zi)
    __rt_lib_init                            0x08000209   Thumb Code     0  libinit.o(.ARM.Collect$$libinit$$00000000)
    __rt_lib_init_fp_1                       0x0800020b   Thumb Code     0  libinit2.o(.ARM.Collect$$libinit$$00000001)
    __rt_lib_init_alloca_1                   0x0800020f   Thumb Code     0  libinit2.o(.ARM.Collect$$libinit$$0000002E)
    __rt_lib_init_argv_1                     0x0800020f   Thumb Code     0  libinit2.o(.ARM.Collect$$libinit$$0000002C)
    __rt_lib_init_atexit_1                   0x0800020f   Thumb Code     0  libinit2.o(.ARM.Collect$$libinit$$0000001B)
    __rt_lib_init_clock_1                    0x0800020f   Thumb Code     0  libinit2.o(.ARM.Collect$$libinit$$00000021)
    __rt_lib_init_cpp_1                      0x0800020f   Thumb Code     0  libinit2.o(.ARM.Collect$$libinit$$00000032)
    __rt_lib_init_exceptions_1               0x0800020f   Thumb Code     0  libinit2.o(.ARM.Collect$$libinit$$00000030)
    __rt_lib_init_fp_trap_1                  0x0800020f   Thumb Code     0  libinit2.o(.ARM.Collect$$libinit$$0000001F)
    __rt_lib_init_getenv_1                   0x0800020f   Thumb Code     0  libinit2.o(.ARM.Collect$$libinit$$00000023)
    __rt_lib_init_heap_1                     0x0800020f   Thumb Code     0  libinit2.o(.ARM.Collect$$libinit$$0000000A)
    __rt_lib_init_lc_collate_1               0x0800020f   Thumb Code     0  libinit2.o(.ARM.Collect$$libinit$$00000011)
    __rt_lib_init_lc_ctype_1                 0x0800020f   Thumb Code     0  libinit2.o(.ARM.Collect$$libinit$$00000013)
    __rt_lib_init_lc_monetary_1              0x0800020f   Thumb Code     0  libinit2.o(.ARM.Collect$$libinit$$00000015)
    __rt_lib_init_lc_numeric_1               0x0800020f   Thumb Code     0  libinit2.o(.ARM.Collect$$libinit$$00000017)
    __rt_lib_init_lc_time_1                  0x0800020f   Thumb Code     0  libinit2.o(.ARM.Collect$$libinit$$00000019)
    __rt_lib_init_preinit_1                  0x0800020f   Thumb Code     0  libinit2.o(.ARM.Collect$$libinit$$00000004)
    __rt_lib_init_rand_1                     0x0800020f   Thumb Code     0  libinit2.o(.ARM.Collect$$libinit$$0000000E)
    __rt_lib_init_return                     0x0800020f   Thumb Code     0  libinit2.o(.ARM.Collect$$libinit$$00000033)
    __rt_lib_init_signal_1                   0x0800020f   Thumb Code     0  libinit2.o(.ARM.Collect$$libinit$$0000001D)
    __rt_lib_init_stdio_1                    0x0800020f   Thumb Code     0  libinit2.o(.ARM.Collect$$libinit$$00000025)
    __rt_lib_init_user_alloc_1               0x0800020f   Thumb Code     0  libinit2.o(.ARM.Collect$$libinit$$0000000C)
    __rt_lib_shutdown                        0x08000211   Thumb Code     0  libshutdown.o(.ARM.Collect$$libshutdown$$00000000)
    __rt_lib_shutdown_fp_trap_1              0x08000213   Thumb Code     0  libshutdown2.o(.ARM.Collect$$libshutdown$$00000006)
    __rt_lib_shutdown_heap_1                 0x08000213   Thumb Code     0  libshutdown2.o(.ARM.Collect$$libshutdown$$0000000E)
    __rt_lib_shutdown_return                 0x08000213   Thumb Code     0  libshutdown2.o(.ARM.Collect$$libshutdown$$0000000F)
    __rt_lib_shutdown_signal_1               0x08000213   Thumb Code     0  libshutdown2.o(.ARM.Collect$$libshutdown$$00000009)
    __rt_lib_shutdown_stdio_1                0x08000213   Thumb Code     0  libshutdown2.o(.ARM.Collect$$libshutdown$$00000003)
    __rt_lib_shutdown_user_alloc_1           0x08000213   Thumb Code     0  libshutdown2.o(.ARM.Collect$$libshutdown$$0000000B)
    __rt_entry                               0x08000215   Thumb Code     0  __rtentry.o(.ARM.Collect$$rtentry$$00000000)
    __rt_entry_presh_1                       0x08000215   Thumb Code     0  __rtentry2.o(.ARM.Collect$$rtentry$$00000002)
    __rt_entry_sh                            0x08000215   Thumb Code     0  __rtentry4.o(.ARM.Collect$$rtentry$$00000004)
    __rt_entry_li                            0x0800021b   Thumb Code     0  __rtentry2.o(.ARM.Collect$$rtentry$$0000000A)
    __rt_entry_postsh_1                      0x0800021b   Thumb Code     0  __rtentry2.o(.ARM.Collect$$rtentry$$00000009)
    __rt_entry_main                          0x0800021f   Thumb Code     0  __rtentry2.o(.ARM.Collect$$rtentry$$0000000D)
    __rt_entry_postli_1                      0x0800021f   Thumb Code     0  __rtentry2.o(.ARM.Collect$$rtentry$$0000000C)
    __rt_exit                                0x08000227   Thumb Code     0  rtexit.o(.ARM.Collect$$rtexit$$00000000)
    __rt_exit_ls                             0x08000229   Thumb Code     0  rtexit2.o(.ARM.Collect$$rtexit$$00000003)
    __rt_exit_prels_1                        0x08000229   Thumb Code     0  rtexit2.o(.ARM.Collect$$rtexit$$00000002)
    __rt_exit_exit                           0x0800022d   Thumb Code     0  rtexit2.o(.ARM.Collect$$rtexit$$00000004)
    Reset_Handler                            0x08000235   Thumb Code     8  startup_stm32l452xx.o(.text)
    ADC1_IRQHandler                          0x0800024f   Thumb Code     0  startup_stm32l452xx.o(.text)
    CAN1_RX0_IRQHandler                      0x0800024f   Thumb Code     0  startup_stm32l452xx.o(.text)
    CAN1_RX1_IRQHandler                      0x0800024f   Thumb Code     0  startup_stm32l452xx.o(.text)
    CAN1_SCE_IRQHandler                      0x0800024f   Thumb Code     0  startup_stm32l452xx.o(.text)
    CAN1_TX_IRQHandler                       0x0800024f   Thumb Code     0  startup_stm32l452xx.o(.text)
    COMP_IRQHandler                          0x0800024f   Thumb Code     0  startup_stm32l452xx.o(.text)
    CRS_IRQHandler                           0x0800024f   Thumb Code     0  startup_stm32l452xx.o(.text)
    DFSDM1_FLT0_IRQHandler                   0x0800024f   Thumb Code     0  startup_stm32l452xx.o(.text)
    DFSDM1_FLT1_IRQHandler                   0x0800024f   Thumb Code     0  startup_stm32l452xx.o(.text)
    DMA1_Channel1_IRQHandler                 0x0800024f   Thumb Code     0  startup_stm32l452xx.o(.text)
    DMA2_Channel1_IRQHandler                 0x0800024f   Thumb Code     0  startup_stm32l452xx.o(.text)
    DMA2_Channel2_IRQHandler                 0x0800024f   Thumb Code     0  startup_stm32l452xx.o(.text)
    DMA2_Channel3_IRQHandler                 0x0800024f   Thumb Code     0  startup_stm32l452xx.o(.text)
    DMA2_Channel4_IRQHandler                 0x0800024f   Thumb Code     0  startup_stm32l452xx.o(.text)
    DMA2_Channel5_IRQHandler                 0x0800024f   Thumb Code     0  startup_stm32l452xx.o(.text)
    DMA2_Channel6_IRQHandler                 0x0800024f   Thumb Code     0  startup_stm32l452xx.o(.text)
    DMA2_Channel7_IRQHandler                 0x0800024f   Thumb Code     0  startup_stm32l452xx.o(.text)
    EXTI0_IRQHandler                         0x0800024f   Thumb Code     0  startup_stm32l452xx.o(.text)
    EXTI1_IRQHandler                         0x0800024f   Thumb Code     0  startup_stm32l452xx.o(.text)
    EXTI2_IRQHandler                         0x0800024f   Thumb Code     0  startup_stm32l452xx.o(.text)
    EXTI3_IRQHandler                         0x0800024f   Thumb Code     0  startup_stm32l452xx.o(.text)
    EXTI4_IRQHandler                         0x0800024f   Thumb Code     0  startup_stm32l452xx.o(.text)
    EXTI9_5_IRQHandler                       0x0800024f   Thumb Code     0  startup_stm32l452xx.o(.text)
    FLASH_IRQHandler                         0x0800024f   Thumb Code     0  startup_stm32l452xx.o(.text)
    FPU_IRQHandler                           0x0800024f   Thumb Code     0  startup_stm32l452xx.o(.text)
    I2C1_ER_IRQHandler                       0x0800024f   Thumb Code     0  startup_stm32l452xx.o(.text)
    I2C1_EV_IRQHandler                       0x0800024f   Thumb Code     0  startup_stm32l452xx.o(.text)
    I2C2_ER_IRQHandler                       0x0800024f   Thumb Code     0  startup_stm32l452xx.o(.text)
    I2C2_EV_IRQHandler                       0x0800024f   Thumb Code     0  startup_stm32l452xx.o(.text)
    I2C3_ER_IRQHandler                       0x0800024f   Thumb Code     0  startup_stm32l452xx.o(.text)
    I2C3_EV_IRQHandler                       0x0800024f   Thumb Code     0  startup_stm32l452xx.o(.text)
    I2C4_ER_IRQHandler                       0x0800024f   Thumb Code     0  startup_stm32l452xx.o(.text)
    I2C4_EV_IRQHandler                       0x0800024f   Thumb Code     0  startup_stm32l452xx.o(.text)
    LPTIM1_IRQHandler                        0x0800024f   Thumb Code     0  startup_stm32l452xx.o(.text)
    LPTIM2_IRQHandler                        0x0800024f   Thumb Code     0  startup_stm32l452xx.o(.text)
    LPUART1_IRQHandler                       0x0800024f   Thumb Code     0  startup_stm32l452xx.o(.text)
    PVD_PVM_IRQHandler                       0x0800024f   Thumb Code     0  startup_stm32l452xx.o(.text)
    QUADSPI_IRQHandler                       0x0800024f   Thumb Code     0  startup_stm32l452xx.o(.text)
    RCC_IRQHandler                           0x0800024f   Thumb Code     0  startup_stm32l452xx.o(.text)
    RNG_IRQHandler                           0x0800024f   Thumb Code     0  startup_stm32l452xx.o(.text)
    RTC_Alarm_IRQHandler                     0x0800024f   Thumb Code     0  startup_stm32l452xx.o(.text)
    RTC_WKUP_IRQHandler                      0x0800024f   Thumb Code     0  startup_stm32l452xx.o(.text)
    SAI1_IRQHandler                          0x0800024f   Thumb Code     0  startup_stm32l452xx.o(.text)
    SDMMC1_IRQHandler                        0x0800024f   Thumb Code     0  startup_stm32l452xx.o(.text)
    SPI1_IRQHandler                          0x0800024f   Thumb Code     0  startup_stm32l452xx.o(.text)
    SPI2_IRQHandler                          0x0800024f   Thumb Code     0  startup_stm32l452xx.o(.text)
    SPI3_IRQHandler                          0x0800024f   Thumb Code     0  startup_stm32l452xx.o(.text)
    TAMP_STAMP_IRQHandler                    0x0800024f   Thumb Code     0  startup_stm32l452xx.o(.text)
    TIM1_CC_IRQHandler                       0x0800024f   Thumb Code     0  startup_stm32l452xx.o(.text)
    TIM1_TRG_COM_IRQHandler                  0x0800024f   Thumb Code     0  startup_stm32l452xx.o(.text)
    TIM2_IRQHandler                          0x0800024f   Thumb Code     0  startup_stm32l452xx.o(.text)
    TIM3_IRQHandler                          0x0800024f   Thumb Code     0  startup_stm32l452xx.o(.text)
    TIM6_DAC_IRQHandler                      0x0800024f   Thumb Code     0  startup_stm32l452xx.o(.text)
    TSC_IRQHandler                           0x0800024f   Thumb Code     0  startup_stm32l452xx.o(.text)
    UART4_IRQHandler                         0x0800024f   Thumb Code     0  startup_stm32l452xx.o(.text)
    USART1_IRQHandler                        0x0800024f   Thumb Code     0  startup_stm32l452xx.o(.text)
    USART3_IRQHandler                        0x0800024f   Thumb Code     0  startup_stm32l452xx.o(.text)
    USB_IRQHandler                           0x0800024f   Thumb Code     0  startup_stm32l452xx.o(.text)
    WWDG_IRQHandler                          0x0800024f   Thumb Code     0  startup_stm32l452xx.o(.text)
    __user_initial_stackheap                 0x08000251   Thumb Code     0  startup_stm32l452xx.o(.text)
    __aeabi_uldivmod                         0x08000275   Thumb Code     0  lludivv7m.o(.text)
    _ll_udiv                                 0x08000275   Thumb Code   238  lludivv7m.o(.text)
    __aeabi_memclr4                          0x08000363   Thumb Code     0  rt_memclr_w.o(.text)
    __aeabi_memclr8                          0x08000363   Thumb Code     0  rt_memclr_w.o(.text)
    __rt_memclr_w                            0x08000363   Thumb Code    78  rt_memclr_w.o(.text)
    _memset_w                                0x08000367   Thumb Code     0  rt_memclr_w.o(.text)
    __use_two_region_memory                  0x080003b1   Thumb Code     2  heapauxi.o(.text)
    __rt_heap_escrow$2region                 0x080003b3   Thumb Code     2  heapauxi.o(.text)
    __rt_heap_expand$2region                 0x080003b5   Thumb Code     2  heapauxi.o(.text)
    __user_setup_stackheap                   0x080003b7   Thumb Code    74  sys_stackheap_outer.o(.text)
    exit                                     0x08000401   Thumb Code    12  exit.o(.text)
    __user_libspace                          0x0800040d   Thumb Code     8  libspace.o(.text)
    __user_perproc_libspace                  0x0800040d   Thumb Code     0  libspace.o(.text)
    __user_perthread_libspace                0x0800040d   Thumb Code     0  libspace.o(.text)
    _sys_exit                                0x08000415   Thumb Code     8  sys_exit.o(.text)
    __I$use$semihosting                      0x08000421   Thumb Code     0  use_no_semi.o(.text)
    __use_no_semihosting_swi                 0x08000421   Thumb Code     2  use_no_semi.o(.text)
    __semihosting_library_function           0x08000423   Thumb Code     0  indicate_semi.o(.text)
    ACC_6BytesRead                           0x08000425   Thumb Code    84  mimu.o(i.ACC_6BytesRead)
    ACC_GYRO_Read                            0x08000485   Thumb Code    84  mimu.o(i.ACC_GYRO_Read)
    ACC_GYRO_Write                           0x080004e1   Thumb Code    82  mimu.o(i.ACC_GYRO_Write)
    ADC_Init                                 0x0800053d   Thumb Code   242  adc_ads124.o(i.ADC_Init)
    ADC_RDATA                                0x08000631   Thumb Code    42  adc_ads124.o(i.ADC_RDATA)
    ADC_RREG                                 0x08000665   Thumb Code    32  adc_ads124.o(i.ADC_RREG)
    ADC_WREG                                 0x08000689   Thumb Code    40  adc_ads124.o(i.ADC_WREG)
    ADC_check                                0x080006b5   Thumb Code    50  adc_ads124.o(i.ADC_check)
    BusFault_Handler                         0x080007b9   Thumb Code     4  stm32l4xx_it.o(i.BusFault_Handler)
    CheckXOR                                 0x080007bd   Thumb Code    28  main.o(i.CheckXOR)
    DMA1_Channel2_IRQHandler                 0x080007d9   Thumb Code    10  stm32l4xx_it.o(i.DMA1_Channel2_IRQHandler)
    DMA1_Channel3_IRQHandler                 0x080007e9   Thumb Code    10  stm32l4xx_it.o(i.DMA1_Channel3_IRQHandler)
    DMA1_Channel4_IRQHandler                 0x080007f9   Thumb Code    10  stm32l4xx_it.o(i.DMA1_Channel4_IRQHandler)
    DMA1_Channel5_IRQHandler                 0x08000809   Thumb Code    10  stm32l4xx_it.o(i.DMA1_Channel5_IRQHandler)
    DMA1_Channel6_IRQHandler                 0x08000819   Thumb Code    10  stm32l4xx_it.o(i.DMA1_Channel6_IRQHandler)
    DMA1_Channel7_IRQHandler                 0x08000829   Thumb Code    10  stm32l4xx_it.o(i.DMA1_Channel7_IRQHandler)
    DebugMon_Handler                         0x08000869   Thumb Code     2  stm32l4xx_it.o(i.DebugMon_Handler)
    EXTI15_10_IRQHandler                     0x0800086b   Thumb Code    12  stm32l4xx_it.o(i.EXTI15_10_IRQHandler)
    Error_Handler                            0x08000877   Thumb Code     6  main.o(i.Error_Handler)
    HAL_DMA_Abort                            0x0800087d   Thumb Code    90  stm32l4xx_hal_dma.o(i.HAL_DMA_Abort)
    HAL_DMA_Abort_IT                         0x080008d7   Thumb Code    92  stm32l4xx_hal_dma.o(i.HAL_DMA_Abort_IT)
    HAL_DMA_GetError                         0x08000933   Thumb Code     6  stm32l4xx_hal_dma.o(i.HAL_DMA_GetError)
    HAL_DMA_IRQHandler                       0x08000939   Thumb Code   254  stm32l4xx_hal_dma.o(i.HAL_DMA_IRQHandler)
    HAL_DMA_Init                             0x08000a39   Thumb Code   258  stm32l4xx_hal_dma.o(i.HAL_DMA_Init)
    HAL_DMA_Start_IT                         0x08000b45   Thumb Code   156  stm32l4xx_hal_dma.o(i.HAL_DMA_Start_IT)
    HAL_Delay                                0x08000be1   Thumb Code    36  stm32l4xx_hal.o(i.HAL_Delay)
    HAL_GPIO_EXTI_Callback                   0x08000c09   Thumb Code   384  main.o(i.HAL_GPIO_EXTI_Callback)
    HAL_GPIO_EXTI_IRQHandler                 0x08000d99   Thumb Code    24  stm32l4xx_hal_gpio.o(i.HAL_GPIO_EXTI_IRQHandler)
    HAL_GPIO_Init                            0x08000db5   Thumb Code   418  stm32l4xx_hal_gpio.o(i.HAL_GPIO_Init)
    HAL_GPIO_ReadPin                         0x08000f75   Thumb Code    16  stm32l4xx_hal_gpio.o(i.HAL_GPIO_ReadPin)
    HAL_GPIO_WritePin                        0x08000f85   Thumb Code    10  stm32l4xx_hal_gpio.o(i.HAL_GPIO_WritePin)
    HAL_GetTick                              0x08000f91   Thumb Code     6  stm32l4xx_hal.o(i.HAL_GetTick)
    HAL_IncTick                              0x08000f9d   Thumb Code    16  stm32l4xx_hal.o(i.HAL_IncTick)
    HAL_Init                                 0x08000fb5   Thumb Code    30  stm32l4xx_hal.o(i.HAL_Init)
    HAL_InitTick                             0x08000fd5   Thumb Code    74  stm32l4xx_hal.o(i.HAL_InitTick)
    HAL_MspInit                              0x0800102d   Thumb Code    58  stm32l4xx_hal_msp.o(i.HAL_MspInit)
    HAL_NVIC_EnableIRQ                       0x0800106d   Thumb Code    40  stm32l4xx_hal_cortex.o(i.HAL_NVIC_EnableIRQ)
    HAL_NVIC_SetPriority                     0x08001095   Thumb Code   124  stm32l4xx_hal_cortex.o(i.HAL_NVIC_SetPriority)
    HAL_NVIC_SetPriorityGrouping             0x08001111   Thumb Code    32  stm32l4xx_hal_cortex.o(i.HAL_NVIC_SetPriorityGrouping)
    HAL_PWREx_ControlVoltageScaling          0x08001139   Thumb Code   128  stm32l4xx_hal_pwr_ex.o(i.HAL_PWREx_ControlVoltageScaling)
    HAL_PWREx_GetVoltageRange                0x080011c5   Thumb Code    10  stm32l4xx_hal_pwr_ex.o(i.HAL_PWREx_GetVoltageRange)
    HAL_RCCEx_PeriphCLKConfig                0x080011d5   Thumb Code  1040  stm32l4xx_hal_rcc_ex.o(i.HAL_RCCEx_PeriphCLKConfig)
    HAL_RCC_ClockConfig                      0x080015e5   Thumb Code   360  stm32l4xx_hal_rcc.o(i.HAL_RCC_ClockConfig)
    HAL_RCC_GetHCLKFreq                      0x08001761   Thumb Code     6  stm32l4xx_hal_rcc.o(i.HAL_RCC_GetHCLKFreq)
    HAL_RCC_GetPCLK1Freq                     0x0800176d   Thumb Code    26  stm32l4xx_hal_rcc.o(i.HAL_RCC_GetPCLK1Freq)
    HAL_RCC_GetPCLK2Freq                     0x08001791   Thumb Code    26  stm32l4xx_hal_rcc.o(i.HAL_RCC_GetPCLK2Freq)
    HAL_RCC_GetSysClockFreq                  0x080017b5   Thumb Code   220  stm32l4xx_hal_rcc.o(i.HAL_RCC_GetSysClockFreq)
    HAL_RCC_OscConfig                        0x080018a1   Thumb Code  1878  stm32l4xx_hal_rcc.o(i.HAL_RCC_OscConfig)
    HAL_SPI_ErrorCallback                    0x08002009   Thumb Code     2  stm32l4xx_hal_spi.o(i.HAL_SPI_ErrorCallback)
    HAL_SPI_Init                             0x0800200b   Thumb Code   240  stm32l4xx_hal_spi.o(i.HAL_SPI_Init)
    HAL_SPI_MspInit                          0x080020fd   Thumb Code   420  spi.o(i.HAL_SPI_MspInit)
    HAL_SPI_RxCpltCallback                   0x080022c5   Thumb Code     2  stm32l4xx_hal_spi.o(i.HAL_SPI_RxCpltCallback)
    HAL_SPI_RxHalfCpltCallback               0x080022c7   Thumb Code     2  stm32l4xx_hal_spi.o(i.HAL_SPI_RxHalfCpltCallback)
    HAL_SPI_TransmitReceive                  0x080022c9   Thumb Code   700  stm32l4xx_hal_spi.o(i.HAL_SPI_TransmitReceive)
    HAL_SPI_TransmitReceive_DMA              0x08002585   Thumb Code   538  stm32l4xx_hal_spi.o(i.HAL_SPI_TransmitReceive_DMA)
    HAL_SPI_TxRxCpltCallback                 0x080027b5   Thumb Code     2  stm32l4xx_hal_spi.o(i.HAL_SPI_TxRxCpltCallback)
    HAL_SPI_TxRxHalfCpltCallback             0x080027b7   Thumb Code     2  stm32l4xx_hal_spi.o(i.HAL_SPI_TxRxHalfCpltCallback)
    HAL_SYSTICK_Config                       0x080027b9   Thumb Code    52  stm32l4xx_hal_cortex.o(i.HAL_SYSTICK_Config)
    HAL_TIMEx_Break2Callback                 0x080027ed   Thumb Code     2  stm32l4xx_hal_tim_ex.o(i.HAL_TIMEx_Break2Callback)
    HAL_TIMEx_BreakCallback                  0x080027ef   Thumb Code     2  stm32l4xx_hal_tim_ex.o(i.HAL_TIMEx_BreakCallback)
    HAL_TIMEx_CommutCallback                 0x080027f1   Thumb Code     2  stm32l4xx_hal_tim_ex.o(i.HAL_TIMEx_CommutCallback)
    HAL_TIM_Base_Init                        0x080027f3   Thumb Code   110  stm32l4xx_hal_tim.o(i.HAL_TIM_Base_Init)
    HAL_TIM_Base_MspInit                     0x08002861   Thumb Code   112  tim.o(i.HAL_TIM_Base_MspInit)
    HAL_TIM_Base_Start_IT                    0x080028dd   Thumb Code   114  stm32l4xx_hal_tim.o(i.HAL_TIM_Base_Start_IT)
    HAL_TIM_IC_CaptureCallback               0x08002961   Thumb Code     2  stm32l4xx_hal_tim.o(i.HAL_TIM_IC_CaptureCallback)
    HAL_TIM_IRQHandler                       0x08002963   Thumb Code   440  stm32l4xx_hal_tim.o(i.HAL_TIM_IRQHandler)
    HAL_TIM_OC_DelayElapsedCallback          0x08002b1b   Thumb Code     2  stm32l4xx_hal_tim.o(i.HAL_TIM_OC_DelayElapsedCallback)
    HAL_TIM_PWM_PulseFinishedCallback        0x08002b1d   Thumb Code     2  stm32l4xx_hal_tim.o(i.HAL_TIM_PWM_PulseFinishedCallback)
    HAL_TIM_PeriodElapsedCallback            0x08002b21   Thumb Code    60  main.o(i.HAL_TIM_PeriodElapsedCallback)
    HAL_TIM_TriggerCallback                  0x08002b65   Thumb Code     2  stm32l4xx_hal_tim.o(i.HAL_TIM_TriggerCallback)
    HAL_UARTEx_RxEventCallback               0x08002b67   Thumb Code     2  stm32l4xx_hal_uart.o(i.HAL_UARTEx_RxEventCallback)
    HAL_UARTEx_WakeupCallback                0x08002b69   Thumb Code     2  stm32l4xx_hal_uart_ex.o(i.HAL_UARTEx_WakeupCallback)
    HAL_UART_DMAStop                         0x08002b6b   Thumb Code   180  stm32l4xx_hal_uart.o(i.HAL_UART_DMAStop)
    HAL_UART_ErrorCallback                   0x08002c1f   Thumb Code     2  stm32l4xx_hal_uart.o(i.HAL_UART_ErrorCallback)
    HAL_UART_IRQHandler                      0x08002c21   Thumb Code   832  stm32l4xx_hal_uart.o(i.HAL_UART_IRQHandler)
    HAL_UART_Init                            0x08002f69   Thumb Code   116  stm32l4xx_hal_uart.o(i.HAL_UART_Init)
    HAL_UART_MspInit                         0x08002fdd   Thumb Code   260  usart.o(i.HAL_UART_MspInit)
    HAL_UART_Transmit                        0x080030f5   Thumb Code   210  stm32l4xx_hal_uart.o(i.HAL_UART_Transmit)
    HAL_UART_Transmit_DMA                    0x080031c9   Thumb Code   186  stm32l4xx_hal_uart.o(i.HAL_UART_Transmit_DMA)
    HAL_UART_TxCpltCallback                  0x08003291   Thumb Code     2  stm32l4xx_hal_uart.o(i.HAL_UART_TxCpltCallback)
    HAL_UART_TxHalfCpltCallback              0x08003293   Thumb Code     2  stm32l4xx_hal_uart.o(i.HAL_UART_TxHalfCpltCallback)
    HardFault_Handler                        0x08003295   Thumb Code     4  stm32l4xx_it.o(i.HardFault_Handler)
    IIC_Ack                                  0x08003299   Thumb Code    76  myiic.o(i.IIC_Ack)
    IIC_NAck                                 0x080032e5   Thumb Code    76  myiic.o(i.IIC_NAck)
    IIC_ReadBytes                            0x08003331   Thumb Code    40  myiic.o(i.IIC_ReadBytes)
    IIC_Read_Byte                            0x08003359   Thumb Code    90  myiic.o(i.IIC_Read_Byte)
    IIC_Send_Byte                            0x080033b3   Thumb Code   106  myiic.o(i.IIC_Send_Byte)
    IIC_Start                                0x0800341d   Thumb Code    64  myiic.o(i.IIC_Start)
    IIC_Stop                                 0x0800345d   Thumb Code    64  myiic.o(i.IIC_Stop)
    IIC_Wait_Ack                             0x0800349d   Thumb Code    88  myiic.o(i.IIC_Wait_Ack)
    MAG_Read                                 0x080034f5   Thumb Code    86  mimu.o(i.MAG_Read)
    MAG_Write                                0x08003555   Thumb Code    78  mimu.o(i.MAG_Write)
    MAX30101_Init                            0x080035ad   Thumb Code   132  max30101.o(i.MAX30101_Init)
    MAX_Check                                0x08003631   Thumb Code    24  max30101.o(i.MAX_Check)
    MAX_ReadFIFO_Burst                       0x08003649   Thumb Code    58  max30101.o(i.MAX_ReadFIFO_Burst)
    MAX_ReadOneByte                          0x08003683   Thumb Code    60  max30101.o(i.MAX_ReadOneByte)
    MAX_WriteOneByte                         0x080036bf   Thumb Code    46  max30101.o(i.MAX_WriteOneByte)
    MIMU_Init                                0x080036ed   Thumb Code    76  mimu.o(i.MIMU_Init)
    MIMU_check                               0x08003739   Thumb Code    66  mimu.o(i.MIMU_check)
    MX_DMA_Init                              0x0800377d   Thumb Code   128  dma.o(i.MX_DMA_Init)
    MX_GPIO_Init                             0x08003801   Thumb Code   390  gpio.o(i.MX_GPIO_Init)
    MX_SPI1_Init                             0x08003991   Thumb Code    72  spi.o(i.MX_SPI1_Init)
    MX_SPI2_Init                             0x080039e1   Thumb Code    72  spi.o(i.MX_SPI2_Init)
    MX_TIM16_Init                            0x08003a31   Thumb Code    48  tim.o(i.MX_TIM16_Init)
    MX_USART2_UART_Init                      0x08003a69   Thumb Code    56  usart.o(i.MX_USART2_UART_Init)
    MemManage_Handler                        0x08003aa9   Thumb Code     4  stm32l4xx_it.o(i.MemManage_Handler)
    NMI_Handler                              0x08003aad   Thumb Code     4  stm32l4xx_it.o(i.NMI_Handler)
    PendSV_Handler                           0x08003afd   Thumb Code     2  stm32l4xx_it.o(i.PendSV_Handler)
    SVC_Handler                              0x08004105   Thumb Code     2  stm32l4xx_it.o(i.SVC_Handler)
    SysTick_Handler                          0x08004107   Thumb Code     8  stm32l4xx_it.o(i.SysTick_Handler)
    SystemClock_Config                       0x0800410f   Thumb Code   116  main.o(i.SystemClock_Config)
    SystemInit                               0x08004185   Thumb Code    14  system_stm32l4xx.o(i.SystemInit)
    TIM1_BRK_TIM15_IRQHandler                0x08004199   Thumb Code    10  stm32l4xx_it.o(i.TIM1_BRK_TIM15_IRQHandler)
    TIM1_UP_TIM16_IRQHandler                 0x080041a9   Thumb Code    10  stm32l4xx_it.o(i.TIM1_UP_TIM16_IRQHandler)
    TIM_Base_SetConfig                       0x080041b9   Thumb Code   116  stm32l4xx_hal_tim.o(i.TIM_Base_SetConfig)
    UART_AdvFeatureConfig                    0x0800423d   Thumb Code   248  stm32l4xx_hal_uart.o(i.UART_AdvFeatureConfig)
    UART_CheckIdleState                      0x08004335   Thumb Code   114  stm32l4xx_hal_uart.o(i.UART_CheckIdleState)
    UART_SetConfig                           0x08004531   Thumb Code   776  stm32l4xx_hal_uart.o(i.UART_SetConfig)
    UART_WaitOnFlagUntilTimeout              0x08004859   Thumb Code   248  stm32l4xx_hal_uart.o(i.UART_WaitOnFlagUntilTimeout)
    USART2_IRQHandler                        0x08004951   Thumb Code    56  stm32l4xx_it.o(i.USART2_IRQHandler)
    UsageFault_Handler                       0x08004999   Thumb Code     4  stm32l4xx_it.o(i.UsageFault_Handler)
    delay_us                                 0x080049d5   Thumb Code    30  myiic.o(i.delay_us)
    main                                     0x080049f5   Thumb Code   574  main.o(i.main)
    _fp_init                                 0x08004db1   Thumb Code    10  fpinit.o(x$fpl$fpinit)
    __fplib_config_fpu_vfp                   0x08004db9   Thumb Code     0  fpinit.o(x$fpl$fpinit)
    __fplib_config_pureend_doubles           0x08004db9   Thumb Code     0  fpinit.o(x$fpl$fpinit)
    AHBPrescTable                            0x08004e30   Data          16  system_stm32l4xx.o(.constdata)
    APBPrescTable                            0x08004e40   Data           8  system_stm32l4xx.o(.constdata)
    MSIRangeTable                            0x08004e48   Data          48  system_stm32l4xx.o(.constdata)
    Region$$Table$$Base                      0x08004e78   Number         0  anon$$obj.o(Region$$Table)
    Region$$Table$$Limit                     0x08004e98   Number         0  anon$$obj.o(Region$$Table)
    rx_len                                   0x20000000   Data           1  main.o(.data)
    recv_end_flag                            0x20000001   Data           1  main.o(.data)
    ADC_1to4Voltage_flag                     0x20000002   Data           1  main.o(.data)
    ACC_XYZ                                  0x20000003   Data           6  main.o(.data)
    GYRO_XYZ                                 0x20000009   Data           6  main.o(.data)
    MAG_XYZ                                  0x2000000f   Data           6  main.o(.data)
    DIN                                      0x20000015   Data           4  main.o(.data)
    DOUT                                     0x20000019   Data           4  main.o(.data)
    Utop_times1                              0x2000001d   Data           1  main.o(.data)
    Utop_times2                              0x2000001e   Data           1  main.o(.data)
    uwTick                                   0x20000024   Data           4  stm32l4xx_hal.o(.data)
    uwTickPrio                               0x20000028   Data           4  stm32l4xx_hal.o(.data)
    uwTickFreq                               0x2000002c   Data           1  stm32l4xx_hal.o(.data)
    SystemCoreClock                          0x20000030   Data           4  system_stm32l4xx.o(.data)
    rx_buffer                                0x20000034   Data         255  main.o(.bss)
    allData                                  0x20000133   Data          50  main.o(.bss)
    hspi1                                    0x20000168   Data         100  spi.o(.bss)
    hspi2                                    0x200001cc   Data         100  spi.o(.bss)
    hdma_spi1_rx                             0x20000230   Data          72  spi.o(.bss)
    hdma_spi1_tx                             0x20000278   Data          72  spi.o(.bss)
    hdma_spi2_rx                             0x200002c0   Data          72  spi.o(.bss)
    hdma_spi2_tx                             0x20000308   Data          72  spi.o(.bss)
    htim15                                   0x20000350   Data          76  tim.o(.bss)
    htim16                                   0x2000039c   Data          76  tim.o(.bss)
    huart2                                   0x200003e8   Data         132  usart.o(.bss)
    hdma_usart2_rx                           0x2000046c   Data          72  usart.o(.bss)
    hdma_usart2_tx                           0x200004b4   Data          72  usart.o(.bss)
    __libspace_start                         0x200004fc   Data          96  libspace.o(.bss)
    __temporary_stack_top$libspace           0x2000055c   Data           0  libspace.o(.bss)



==============================================================================

Memory Map of the image

  Image Entry point : 0x08000195

  Load Region LR_IROM1 (Base: 0x08000000, Size: 0x00004ecc, Max: 0x00080000, ABSOLUTE)

    Execution Region ER_IROM1 (Base: 0x08000000, Size: 0x00004e98, Max: 0x00080000, ABSOLUTE)

    Base Addr    Size         Type   Attr      Idx    E Section Name        Object

    0x08000000   0x00000194   Data   RO            3    RESET               startup_stm32l452xx.o
    0x08000194   0x00000008   Code   RO         4907  * !!!main             c_w.l(__main.o)
    0x0800019c   0x00000034   Code   RO         5073    !!!scatter          c_w.l(__scatter.o)
    0x080001d0   0x0000001a   Code   RO         5075    !!handler_copy      c_w.l(__scatter_copy.o)
    0x080001ea   0x00000002   PAD
    0x080001ec   0x0000001c   Code   RO         5077    !!handler_zi        c_w.l(__scatter_zi.o)
    0x08000208   0x00000002   Code   RO         4944    .ARM.Collect$$libinit$$00000000  c_w.l(libinit.o)
    0x0800020a   0x00000004   Code   RO         4956    .ARM.Collect$$libinit$$00000001  c_w.l(libinit2.o)
    0x0800020e   0x00000000   Code   RO         4959    .ARM.Collect$$libinit$$00000004  c_w.l(libinit2.o)
    0x0800020e   0x00000000   Code   RO         4962    .ARM.Collect$$libinit$$0000000A  c_w.l(libinit2.o)
    0x0800020e   0x00000000   Code   RO         4964    .ARM.Collect$$libinit$$0000000C  c_w.l(libinit2.o)
    0x0800020e   0x00000000   Code   RO         4966    .ARM.Collect$$libinit$$0000000E  c_w.l(libinit2.o)
    0x0800020e   0x00000000   Code   RO         4969    .ARM.Collect$$libinit$$00000011  c_w.l(libinit2.o)
    0x0800020e   0x00000000   Code   RO         4971    .ARM.Collect$$libinit$$00000013  c_w.l(libinit2.o)
    0x0800020e   0x00000000   Code   RO         4973    .ARM.Collect$$libinit$$00000015  c_w.l(libinit2.o)
    0x0800020e   0x00000000   Code   RO         4975    .ARM.Collect$$libinit$$00000017  c_w.l(libinit2.o)
    0x0800020e   0x00000000   Code   RO         4977    .ARM.Collect$$libinit$$00000019  c_w.l(libinit2.o)
    0x0800020e   0x00000000   Code   RO         4979    .ARM.Collect$$libinit$$0000001B  c_w.l(libinit2.o)
    0x0800020e   0x00000000   Code   RO         4981    .ARM.Collect$$libinit$$0000001D  c_w.l(libinit2.o)
    0x0800020e   0x00000000   Code   RO         4983    .ARM.Collect$$libinit$$0000001F  c_w.l(libinit2.o)
    0x0800020e   0x00000000   Code   RO         4985    .ARM.Collect$$libinit$$00000021  c_w.l(libinit2.o)
    0x0800020e   0x00000000   Code   RO         4987    .ARM.Collect$$libinit$$00000023  c_w.l(libinit2.o)
    0x0800020e   0x00000000   Code   RO         4989    .ARM.Collect$$libinit$$00000025  c_w.l(libinit2.o)
    0x0800020e   0x00000000   Code   RO         4993    .ARM.Collect$$libinit$$0000002C  c_w.l(libinit2.o)
    0x0800020e   0x00000000   Code   RO         4995    .ARM.Collect$$libinit$$0000002E  c_w.l(libinit2.o)
    0x0800020e   0x00000000   Code   RO         4997    .ARM.Collect$$libinit$$00000030  c_w.l(libinit2.o)
    0x0800020e   0x00000000   Code   RO         4999    .ARM.Collect$$libinit$$00000032  c_w.l(libinit2.o)
    0x0800020e   0x00000002   Code   RO         5000    .ARM.Collect$$libinit$$00000033  c_w.l(libinit2.o)
    0x08000210   0x00000002   Code   RO         5031    .ARM.Collect$$libshutdown$$00000000  c_w.l(libshutdown.o)
    0x08000212   0x00000000   Code   RO         5058    .ARM.Collect$$libshutdown$$00000003  c_w.l(libshutdown2.o)
    0x08000212   0x00000000   Code   RO         5061    .ARM.Collect$$libshutdown$$00000006  c_w.l(libshutdown2.o)
    0x08000212   0x00000000   Code   RO         5064    .ARM.Collect$$libshutdown$$00000009  c_w.l(libshutdown2.o)
    0x08000212   0x00000000   Code   RO         5066    .ARM.Collect$$libshutdown$$0000000B  c_w.l(libshutdown2.o)
    0x08000212   0x00000000   Code   RO         5069    .ARM.Collect$$libshutdown$$0000000E  c_w.l(libshutdown2.o)
    0x08000212   0x00000002   Code   RO         5070    .ARM.Collect$$libshutdown$$0000000F  c_w.l(libshutdown2.o)
    0x08000214   0x00000000   Code   RO         4909    .ARM.Collect$$rtentry$$00000000  c_w.l(__rtentry.o)
    0x08000214   0x00000000   Code   RO         4915    .ARM.Collect$$rtentry$$00000002  c_w.l(__rtentry2.o)
    0x08000214   0x00000006   Code   RO         4927    .ARM.Collect$$rtentry$$00000004  c_w.l(__rtentry4.o)
    0x0800021a   0x00000000   Code   RO         4917    .ARM.Collect$$rtentry$$00000009  c_w.l(__rtentry2.o)
    0x0800021a   0x00000004   Code   RO         4918    .ARM.Collect$$rtentry$$0000000A  c_w.l(__rtentry2.o)
    0x0800021e   0x00000000   Code   RO         4920    .ARM.Collect$$rtentry$$0000000C  c_w.l(__rtentry2.o)
    0x0800021e   0x00000008   Code   RO         4921    .ARM.Collect$$rtentry$$0000000D  c_w.l(__rtentry2.o)
    0x08000226   0x00000002   Code   RO         4948    .ARM.Collect$$rtexit$$00000000  c_w.l(rtexit.o)
    0x08000228   0x00000000   Code   RO         5004    .ARM.Collect$$rtexit$$00000002  c_w.l(rtexit2.o)
    0x08000228   0x00000004   Code   RO         5005    .ARM.Collect$$rtexit$$00000003  c_w.l(rtexit2.o)
    0x0800022c   0x00000006   Code   RO         5006    .ARM.Collect$$rtexit$$00000004  c_w.l(rtexit2.o)
    0x08000232   0x00000002   PAD
    0x08000234   0x00000040   Code   RO            4    .text               startup_stm32l452xx.o
    0x08000274   0x000000ee   Code   RO         4901    .text               c_w.l(lludivv7m.o)
    0x08000362   0x0000004e   Code   RO         4903    .text               c_w.l(rt_memclr_w.o)
    0x080003b0   0x00000006   Code   RO         4905    .text               c_w.l(heapauxi.o)
    0x080003b6   0x0000004a   Code   RO         4931    .text               c_w.l(sys_stackheap_outer.o)
    0x08000400   0x0000000c   Code   RO         4933    .text               c_w.l(exit.o)
    0x0800040c   0x00000008   Code   RO         4945    .text               c_w.l(libspace.o)
    0x08000414   0x0000000c   Code   RO         5001    .text               c_w.l(sys_exit.o)
    0x08000420   0x00000002   Code   RO         5020    .text               c_w.l(use_no_semi.o)
    0x08000422   0x00000000   Code   RO         5022    .text               c_w.l(indicate_semi.o)
    0x08000422   0x00000002   PAD
    0x08000424   0x00000060   Code   RO          506    i.ACC_6BytesRead    mimu.o
    0x08000484   0x0000005c   Code   RO          507    i.ACC_GYRO_Read     mimu.o
    0x080004e0   0x0000005c   Code   RO          508    i.ACC_GYRO_Write    mimu.o
    0x0800053c   0x000000f2   Code   RO           14    i.ADC_Init          adc_ads124.o
    0x0800062e   0x00000002   PAD
    0x08000630   0x00000034   Code   RO           15    i.ADC_RDATA         adc_ads124.o
    0x08000664   0x00000024   Code   RO           16    i.ADC_RREG          adc_ads124.o
    0x08000688   0x0000002c   Code   RO           17    i.ADC_WREG          adc_ads124.o
    0x080006b4   0x00000032   Code   RO           18    i.ADC_check         adc_ads124.o
    0x080006e6   0x00000002   PAD
    0x080006e8   0x000000d0   Code   RO          586    i.BLE_Init          main.o
    0x080007b8   0x00000004   Code   RO          856    i.BusFault_Handler  stm32l4xx_it.o
    0x080007bc   0x0000001c   Code   RO          587    i.CheckXOR          main.o
    0x080007d8   0x00000010   Code   RO          857    i.DMA1_Channel2_IRQHandler  stm32l4xx_it.o
    0x080007e8   0x00000010   Code   RO          858    i.DMA1_Channel3_IRQHandler  stm32l4xx_it.o
    0x080007f8   0x00000010   Code   RO          859    i.DMA1_Channel4_IRQHandler  stm32l4xx_it.o
    0x08000808   0x00000010   Code   RO          860    i.DMA1_Channel5_IRQHandler  stm32l4xx_it.o
    0x08000818   0x00000010   Code   RO          861    i.DMA1_Channel6_IRQHandler  stm32l4xx_it.o
    0x08000828   0x00000010   Code   RO          862    i.DMA1_Channel7_IRQHandler  stm32l4xx_it.o
    0x08000838   0x00000030   Code   RO         2706    i.DMA_SetConfig     stm32l4xx_hal_dma.o
    0x08000868   0x00000002   Code   RO          863    i.DebugMon_Handler  stm32l4xx_it.o
    0x0800086a   0x0000000c   Code   RO          864    i.EXTI15_10_IRQHandler  stm32l4xx_it.o
    0x08000876   0x00000006   Code   RO          588    i.Error_Handler     main.o
    0x0800087c   0x0000005a   Code   RO         2707    i.HAL_DMA_Abort     stm32l4xx_hal_dma.o
    0x080008d6   0x0000005c   Code   RO         2708    i.HAL_DMA_Abort_IT  stm32l4xx_hal_dma.o
    0x08000932   0x00000006   Code   RO         2710    i.HAL_DMA_GetError  stm32l4xx_hal_dma.o
    0x08000938   0x000000fe   Code   RO         2712    i.HAL_DMA_IRQHandler  stm32l4xx_hal_dma.o
    0x08000a36   0x00000002   PAD
    0x08000a38   0x0000010c   Code   RO         2713    i.HAL_DMA_Init      stm32l4xx_hal_dma.o
    0x08000b44   0x0000009c   Code   RO         2717    i.HAL_DMA_Start_IT  stm32l4xx_hal_dma.o
    0x08000be0   0x00000028   Code   RO         1374    i.HAL_Delay         stm32l4xx_hal.o
    0x08000c08   0x00000190   Code   RO          589    i.HAL_GPIO_EXTI_Callback  main.o
    0x08000d98   0x0000001c   Code   RO         2642    i.HAL_GPIO_EXTI_IRQHandler  stm32l4xx_hal_gpio.o
    0x08000db4   0x000001c0   Code   RO         2643    i.HAL_GPIO_Init     stm32l4xx_hal_gpio.o
    0x08000f74   0x00000010   Code   RO         2645    i.HAL_GPIO_ReadPin  stm32l4xx_hal_gpio.o
    0x08000f84   0x0000000a   Code   RO         2647    i.HAL_GPIO_WritePin  stm32l4xx_hal_gpio.o
    0x08000f8e   0x00000002   PAD
    0x08000f90   0x0000000c   Code   RO         1378    i.HAL_GetTick       stm32l4xx_hal.o
    0x08000f9c   0x00000018   Code   RO         1384    i.HAL_IncTick       stm32l4xx_hal.o
    0x08000fb4   0x0000001e   Code   RO         1385    i.HAL_Init          stm32l4xx_hal.o
    0x08000fd2   0x00000002   PAD
    0x08000fd4   0x00000058   Code   RO         1386    i.HAL_InitTick      stm32l4xx_hal.o
    0x0800102c   0x00000040   Code   RO          992    i.HAL_MspInit       stm32l4xx_hal_msp.o
    0x0800106c   0x00000028   Code   RO         3160    i.HAL_NVIC_EnableIRQ  stm32l4xx_hal_cortex.o
    0x08001094   0x0000007c   Code   RO         3166    i.HAL_NVIC_SetPriority  stm32l4xx_hal_cortex.o
    0x08001110   0x00000028   Code   RO         3167    i.HAL_NVIC_SetPriorityGrouping  stm32l4xx_hal_cortex.o
    0x08001138   0x0000008c   Code   RO         2934    i.HAL_PWREx_ControlVoltageScaling  stm32l4xx_hal_pwr_ex.o
    0x080011c4   0x00000010   Code   RO         2961    i.HAL_PWREx_GetVoltageRange  stm32l4xx_hal_pwr_ex.o
    0x080011d4   0x00000410   Code   RO         2246    i.HAL_RCCEx_PeriphCLKConfig  stm32l4xx_hal_rcc_ex.o
    0x080015e4   0x0000017c   Code   RO         2118    i.HAL_RCC_ClockConfig  stm32l4xx_hal_rcc.o
    0x08001760   0x0000000c   Code   RO         2122    i.HAL_RCC_GetHCLKFreq  stm32l4xx_hal_rcc.o
    0x0800176c   0x00000024   Code   RO         2124    i.HAL_RCC_GetPCLK1Freq  stm32l4xx_hal_rcc.o
    0x08001790   0x00000024   Code   RO         2125    i.HAL_RCC_GetPCLK2Freq  stm32l4xx_hal_rcc.o
    0x080017b4   0x000000ec   Code   RO         2127    i.HAL_RCC_GetSysClockFreq  stm32l4xx_hal_rcc.o
    0x080018a0   0x00000768   Code   RO         2130    i.HAL_RCC_OscConfig  stm32l4xx_hal_rcc.o
    0x08002008   0x00000002   Code   RO         1023    i.HAL_SPI_ErrorCallback  stm32l4xx_hal_spi.o
    0x0800200a   0x000000f0   Code   RO         1027    i.HAL_SPI_Init      stm32l4xx_hal_spi.o
    0x080020fa   0x00000002   PAD
    0x080020fc   0x000001c8   Code   RO          718    i.HAL_SPI_MspInit   spi.o
    0x080022c4   0x00000002   Code   RO         1033    i.HAL_SPI_RxCpltCallback  stm32l4xx_hal_spi.o
    0x080022c6   0x00000002   Code   RO         1034    i.HAL_SPI_RxHalfCpltCallback  stm32l4xx_hal_spi.o
    0x080022c8   0x000002bc   Code   RO         1036    i.HAL_SPI_TransmitReceive  stm32l4xx_hal_spi.o
    0x08002584   0x00000230   Code   RO         1037    i.HAL_SPI_TransmitReceive_DMA  stm32l4xx_hal_spi.o
    0x080027b4   0x00000002   Code   RO         1043    i.HAL_SPI_TxRxCpltCallback  stm32l4xx_hal_spi.o
    0x080027b6   0x00000002   Code   RO         1044    i.HAL_SPI_TxRxHalfCpltCallback  stm32l4xx_hal_spi.o
    0x080027b8   0x00000034   Code   RO         3171    i.HAL_SYSTICK_Config  stm32l4xx_hal_cortex.o
    0x080027ec   0x00000002   Code   RO         4094    i.HAL_TIMEx_Break2Callback  stm32l4xx_hal_tim_ex.o
    0x080027ee   0x00000002   Code   RO         4095    i.HAL_TIMEx_BreakCallback  stm32l4xx_hal_tim_ex.o
    0x080027f0   0x00000002   Code   RO         4096    i.HAL_TIMEx_CommutCallback  stm32l4xx_hal_tim_ex.o
    0x080027f2   0x0000006e   Code   RO         3369    i.HAL_TIM_Base_Init  stm32l4xx_hal_tim.o
    0x08002860   0x0000007c   Code   RO          766    i.HAL_TIM_Base_MspInit  tim.o
    0x080028dc   0x00000084   Code   RO         3374    i.HAL_TIM_Base_Start_IT  stm32l4xx_hal_tim.o
    0x08002960   0x00000002   Code   RO         3403    i.HAL_TIM_IC_CaptureCallback  stm32l4xx_hal_tim.o
    0x08002962   0x000001b8   Code   RO         3417    i.HAL_TIM_IRQHandler  stm32l4xx_hal_tim.o
    0x08002b1a   0x00000002   Code   RO         3420    i.HAL_TIM_OC_DelayElapsedCallback  stm32l4xx_hal_tim.o
    0x08002b1c   0x00000002   Code   RO         3447    i.HAL_TIM_PWM_PulseFinishedCallback  stm32l4xx_hal_tim.o
    0x08002b1e   0x00000002   PAD
    0x08002b20   0x00000044   Code   RO          590    i.HAL_TIM_PeriodElapsedCallback  main.o
    0x08002b64   0x00000002   Code   RO         3460    i.HAL_TIM_TriggerCallback  stm32l4xx_hal_tim.o
    0x08002b66   0x00000002   Code   RO         4388    i.HAL_UARTEx_RxEventCallback  stm32l4xx_hal_uart.o
    0x08002b68   0x00000002   Code   RO         4786    i.HAL_UARTEx_WakeupCallback  stm32l4xx_hal_uart_ex.o
    0x08002b6a   0x000000b4   Code   RO         4400    i.HAL_UART_DMAStop  stm32l4xx_hal_uart.o
    0x08002c1e   0x00000002   Code   RO         4404    i.HAL_UART_ErrorCallback  stm32l4xx_hal_uart.o
    0x08002c20   0x00000348   Code   RO         4407    i.HAL_UART_IRQHandler  stm32l4xx_hal_uart.o
    0x08002f68   0x00000074   Code   RO         4408    i.HAL_UART_Init     stm32l4xx_hal_uart.o
    0x08002fdc   0x00000118   Code   RO          814    i.HAL_UART_MspInit  usart.o
    0x080030f4   0x000000d2   Code   RO         4417    i.HAL_UART_Transmit  stm32l4xx_hal_uart.o
    0x080031c6   0x00000002   PAD
    0x080031c8   0x000000c8   Code   RO         4418    i.HAL_UART_Transmit_DMA  stm32l4xx_hal_uart.o
    0x08003290   0x00000002   Code   RO         4420    i.HAL_UART_TxCpltCallback  stm32l4xx_hal_uart.o
    0x08003292   0x00000002   Code   RO         4421    i.HAL_UART_TxHalfCpltCallback  stm32l4xx_hal_uart.o
    0x08003294   0x00000004   Code   RO          865    i.HardFault_Handler  stm32l4xx_it.o
    0x08003298   0x0000004c   Code   RO          188    i.IIC_Ack           myiic.o
    0x080032e4   0x0000004c   Code   RO          189    i.IIC_NAck          myiic.o
    0x08003330   0x00000028   Code   RO          190    i.IIC_ReadBytes     myiic.o
    0x08003358   0x0000005a   Code   RO          191    i.IIC_Read_Byte     myiic.o
    0x080033b2   0x0000006a   Code   RO          192    i.IIC_Send_Byte     myiic.o
    0x0800341c   0x00000040   Code   RO          193    i.IIC_Start         myiic.o
    0x0800345c   0x00000040   Code   RO          194    i.IIC_Stop          myiic.o
    0x0800349c   0x00000058   Code   RO          195    i.IIC_Wait_Ack      myiic.o
    0x080034f4   0x00000060   Code   RO          511    i.MAG_Read          mimu.o
    0x08003554   0x00000058   Code   RO          512    i.MAG_Write         mimu.o
    0x080035ac   0x00000084   Code   RO          263    i.MAX30101_Init     max30101.o
    0x08003630   0x00000018   Code   RO          264    i.MAX_Check         max30101.o
    0x08003648   0x0000003a   Code   RO          267    i.MAX_ReadFIFO_Burst  max30101.o
    0x08003682   0x0000003c   Code   RO          269    i.MAX_ReadOneByte   max30101.o
    0x080036be   0x0000002e   Code   RO          273    i.MAX_WriteOneByte  max30101.o
    0x080036ec   0x0000004c   Code   RO          513    i.MIMU_Init         mimu.o
    0x08003738   0x00000042   Code   RO          514    i.MIMU_check        mimu.o
    0x0800377a   0x00000002   PAD
    0x0800377c   0x00000084   Code   RO          693    i.MX_DMA_Init       dma.o
    0x08003800   0x00000190   Code   RO          669    i.MX_GPIO_Init      gpio.o
    0x08003990   0x00000050   Code   RO          719    i.MX_SPI1_Init      spi.o
    0x080039e0   0x00000050   Code   RO          720    i.MX_SPI2_Init      spi.o
    0x08003a30   0x00000038   Code   RO          768    i.MX_TIM16_Init     tim.o
    0x08003a68   0x00000040   Code   RO          815    i.MX_USART2_UART_Init  usart.o
    0x08003aa8   0x00000004   Code   RO          866    i.MemManage_Handler  stm32l4xx_it.o
    0x08003aac   0x00000004   Code   RO          867    i.NMI_Handler       stm32l4xx_it.o
    0x08003ab0   0x0000004c   Code   RO          591    i.PPG_Config_Green_Hardcoded  main.o
    0x08003afc   0x00000002   Code   RO          868    i.PendSV_Handler    stm32l4xx_it.o
    0x08003afe   0x00000002   PAD
    0x08003b00   0x00000188   Code   RO         2250    i.RCCEx_PLLSAI1_Config  stm32l4xx_hal_rcc_ex.o
    0x08003c88   0x0000009c   Code   RO         2131    i.RCC_SetFlashLatencyFromMSIRange  stm32l4xx_hal_rcc.o
    0x08003d24   0x00000028   Code   RO         1055    i.SPI_DMAError      stm32l4xx_hal_spi.o
    0x08003d4c   0x0000000e   Code   RO         1056    i.SPI_DMAHalfReceiveCplt  stm32l4xx_hal_spi.o
    0x08003d5a   0x0000000e   Code   RO         1058    i.SPI_DMAHalfTransmitReceiveCplt  stm32l4xx_hal_spi.o
    0x08003d68   0x0000007c   Code   RO         1059    i.SPI_DMAReceiveCplt  stm32l4xx_hal_spi.o
    0x08003de4   0x00000068   Code   RO         1062    i.SPI_DMATransmitReceiveCplt  stm32l4xx_hal_spi.o
    0x08003e4c   0x00000082   Code   RO         1064    i.SPI_EndRxTransaction  stm32l4xx_hal_spi.o
    0x08003ece   0x00000064   Code   RO         1065    i.SPI_EndRxTxTransaction  stm32l4xx_hal_spi.o
    0x08003f32   0x00000002   PAD
    0x08003f34   0x000000f8   Code   RO         1070    i.SPI_WaitFifoStateUntilTimeout  stm32l4xx_hal_spi.o
    0x0800402c   0x000000d8   Code   RO         1071    i.SPI_WaitFlagStateUntilTimeout  stm32l4xx_hal_spi.o
    0x08004104   0x00000002   Code   RO          869    i.SVC_Handler       stm32l4xx_it.o
    0x08004106   0x00000008   Code   RO          870    i.SysTick_Handler   stm32l4xx_it.o
    0x0800410e   0x00000074   Code   RO          592    i.SystemClock_Config  main.o
    0x08004182   0x00000002   PAD
    0x08004184   0x00000014   Code   RO         4866    i.SystemInit        system_stm32l4xx.o
    0x08004198   0x00000010   Code   RO          871    i.TIM1_BRK_TIM15_IRQHandler  stm32l4xx_it.o
    0x080041a8   0x00000010   Code   RO          872    i.TIM1_UP_TIM16_IRQHandler  stm32l4xx_it.o
    0x080041b8   0x00000084   Code   RO         3462    i.TIM_Base_SetConfig  stm32l4xx_hal_tim.o
    0x0800423c   0x000000f8   Code   RO         4422    i.UART_AdvFeatureConfig  stm32l4xx_hal_uart.o
    0x08004334   0x00000072   Code   RO         4423    i.UART_CheckIdleState  stm32l4xx_hal_uart.o
    0x080043a6   0x00000018   Code   RO         4424    i.UART_DMAAbortOnError  stm32l4xx_hal_uart.o
    0x080043be   0x0000005a   Code   RO         4425    i.UART_DMAError     stm32l4xx_hal_uart.o
    0x08004418   0x00000056   Code   RO         4430    i.UART_DMATransmitCplt  stm32l4xx_hal_uart.o
    0x0800446e   0x0000000e   Code   RO         4432    i.UART_DMATxHalfCplt  stm32l4xx_hal_uart.o
    0x0800447c   0x00000064   Code   RO         4434    i.UART_EndRxTransfer  stm32l4xx_hal_uart.o
    0x080044e0   0x0000002e   Code   RO         4435    i.UART_EndTransmit_IT  stm32l4xx_hal_uart.o
    0x0800450e   0x00000020   Code   RO         4436    i.UART_EndTxTransfer  stm32l4xx_hal_uart.o
    0x0800452e   0x00000002   PAD
    0x08004530   0x00000328   Code   RO         4439    i.UART_SetConfig    stm32l4xx_hal_uart.o
    0x08004858   0x000000f8   Code   RO         4444    i.UART_WaitOnFlagUntilTimeout  stm32l4xx_hal_uart.o
    0x08004950   0x00000048   Code   RO          873    i.USART2_IRQHandler  stm32l4xx_it.o
    0x08004998   0x00000004   Code   RO          874    i.UsageFault_Handler  stm32l4xx_it.o
    0x0800499c   0x00000010   Code   RO         3173    i.__NVIC_GetPriorityGrouping  stm32l4xx_hal_cortex.o
    0x080049ac   0x00000028   Code   RO         3174    i.__NVIC_SetPriority  stm32l4xx_hal_cortex.o
    0x080049d4   0x0000001e   Code   RO          196    i.delay_us          myiic.o
    0x080049f2   0x00000002   PAD
    0x080049f4   0x000003bc   Code   RO          593    i.main              main.o
    0x08004db0   0x0000000a   Code   RO         5016    x$fpl$fpinit        fz_wm.l(fpinit.o)
    0x08004dba   0x00000074   Data   RO          595    .constdata          main.o
    0x08004e2e   0x00000002   PAD
    0x08004e30   0x00000048   Data   RO         4867    .constdata          system_stm32l4xx.o
    0x08004e78   0x00000020   Data   RO         5071    Region$$Table       anon$$obj.o


    Execution Region RW_IRAM2 (Base: 0x10000000, Size: 0x00000000, Max: 0x00008000, ABSOLUTE)

    **** No section assigned to this execution region ****


    Execution Region RW_IRAM1 (Base: 0x20000000, Size: 0x00000b60, Max: 0x00020000, ABSOLUTE)

    Base Addr    Size         Type   Attr      Idx    E Section Name        Object

    0x20000000   0x00000024   Data   RW          596    .data               main.o
    0x20000024   0x00000009   Data   RW         1402    .data               stm32l4xx_hal.o
    0x2000002d   0x00000003   PAD
    0x20000030   0x00000004   Data   RW         4868    .data               system_stm32l4xx.o
    0x20000034   0x00000131   Zero   RW          594    .bss                main.o
    0x20000165   0x00000003   PAD
    0x20000168   0x000001e8   Zero   RW          721    .bss                spi.o
    0x20000350   0x00000098   Zero   RW          769    .bss                tim.o
    0x200003e8   0x00000114   Zero   RW          816    .bss                usart.o
    0x200004fc   0x00000060   Zero   RW         4946    .bss                c_w.l(libspace.o)
    0x2000055c   0x00000004   PAD
    0x20000560   0x00000200   Zero   RW            2    HEAP                startup_stm32l452xx.o
    0x20000760   0x00000400   Zero   RW            1    STACK               startup_stm32l452xx.o


==============================================================================

Image component sizes


      Code (inc. data)   RO Data    RW Data    ZI Data      Debug   Object Name

       424         18          0          0          0     731181   adc_ads124.o
       132          4          0          0          0        810   dma.o
       400         10          0          0          0       1115   gpio.o
      1858        440        116         36        305       6716   main.o
       320          0          0          0          0       3250   max30101.o
       606         50          0          0          0       4286   mimu.o
       634          0          0          0          0       5606   myiic.o
       616         52          0          0        488       2706   spi.o
        64         26        404          0       1536        848   startup_stm32l452xx.o
       194         32          0          9          0      13561   stm32l4xx_hal.o
       312         22          0          0          0      34331   stm32l4xx_hal_cortex.o
       914         10          0          0          0       5537   stm32l4xx_hal_dma.o
       502         34          0          0          0       3338   stm32l4xx_hal_gpio.o
        64          6          0          0          0        858   stm32l4xx_hal_msp.o
       156         18          0          0          0       1358   stm32l4xx_hal_pwr_ex.o
      2752        108          0          0          0       7384   stm32l4xx_hal_rcc.o
      1432         24          0          0          0       2952   stm32l4xx_hal_rcc_ex.o
      2500         34          0          0          0      13815   stm32l4xx_hal_spi.o
       822         34          0          0          0       5891   stm32l4xx_hal_tim.o
         6          0          0          0          0       2180   stm32l4xx_hal_tim_ex.o
      3364         74          0          0          0      16856   stm32l4xx_hal_uart.o
         2          0          0          0          0        980   stm32l4xx_hal_uart_ex.o
       246         64          0          0          0       9426   stm32l4xx_it.o
        20          6         72          4          0       1201   system_stm32l4xx.o
       180         20          0          0        152       1659   tim.o
       344         28          0          0        276       1996   usart.o

    ----------------------------------------------------------------------
     18892       1114        626         52       2760     879841   Object Totals
         0          0         32          0          0          0   (incl. Generated)
        28          0          2          3          3          0   (incl. Padding)

    ----------------------------------------------------------------------

      Code (inc. data)   RO Data    RW Data    ZI Data      Debug   Library Member Name

         8          0          0          0          0         68   __main.o
         0          0          0          0          0          0   __rtentry.o
        12          0          0          0          0          0   __rtentry2.o
         6          0          0          0          0          0   __rtentry4.o
        52          8          0          0          0          0   __scatter.o
        26          0          0          0          0          0   __scatter_copy.o
        28          0          0          0          0          0   __scatter_zi.o
        12          0          0          0          0         72   exit.o
         6          0          0          0          0        152   heapauxi.o
         0          0          0          0          0          0   indicate_semi.o
         2          0          0          0          0          0   libinit.o
         6          0          0          0          0          0   libinit2.o
         2          0          0          0          0          0   libshutdown.o
         2          0          0          0          0          0   libshutdown2.o
         8          4          0          0         96         68   libspace.o
       238          0          0          0          0        100   lludivv7m.o
        78          0          0          0          0         80   rt_memclr_w.o
         2          0          0          0          0          0   rtexit.o
        10          0          0          0          0          0   rtexit2.o
        12          4          0          0          0         68   sys_exit.o
        74          0          0          0          0         80   sys_stackheap_outer.o
         2          0          0          0          0         68   use_no_semi.o
        10          0          0          0          0        116   fpinit.o

    ----------------------------------------------------------------------
       602         16          0          0        100        872   Library Totals
         6          0          0          0          4          0   (incl. Padding)

    ----------------------------------------------------------------------

      Code (inc. data)   RO Data    RW Data    ZI Data      Debug   Library Name

       586         16          0          0         96        756   c_w.l
        10          0          0          0          0        116   fz_wm.l

    ----------------------------------------------------------------------
       602         16          0          0        100        872   Library Totals

    ----------------------------------------------------------------------

==============================================================================


      Code (inc. data)   RO Data    RW Data    ZI Data      Debug   

     19494       1130        626         52       2860     866553   Grand Totals
     19494       1130        626         52       2860     866553   ELF Image Totals
     19494       1130        626         52          0          0   ROM Totals

==============================================================================

    Total RO  Size (Code + RO Data)                20120 (  19.65kB)
    Total RW  Size (RW Data + ZI Data)              2912 (   2.84kB)
    Total ROM Size (Code + RO Data + RW Data)      20172 (  19.70kB)

==============================================================================

