<html>
<body>
<pre>
<h1>µVision Build Log</h1>
<h2>Tool Versions:</h2>
IDE-Version: ¦ÌVision V5.15
Copyright (C) 2015 ARM Ltd and ARM Germany GmbH. All rights reserved.
License Information: li yanxin, uestc, LIC=NQQMA-1GF8T-VEUHA-13GGR-0MQ3W-BD92Z
 
Tool Versions:
Toolchain:       MDK-ARM Standard  Version: 5.15.0
Toolchain Path:  D:\Keil 5\ARM\ARMCC\Bin
C Compiler:      Armcc.exe V5.05 update 2 (build 169)
Assembler:       Armasm.exe V5.05 update 2 (build 169)
Linker/Locator:  ArmLink.exe V5.05 update 2 (build 169)
Library Manager: ArmAr.exe V5.05 update 2 (build 169)
Hex Converter:   FromElf.exe V5.05 update 2 (build 169)
CPU DLL:         SARMCM3.DLL V5.15.0
Dialog DLL:      DCM.DLL V1.13.2.0
Target DLL:      STLink\ST-LINKIII-KEIL_SWO.dll V2.0.15.0_KEIL
Dialog DLL:      TCM.DLL V1.14.5.0
 
<h2>Project:</h2>
D:\data\PPG_HeartRate\stm32\L452CEU6_HR_CC\MDK-ARM\L452CEU6.uvprojx
Project File Date:  11/07/2025

<h2>Output:</h2>
*** Using Compiler 'V5.05 update 2 (build 169)', folder: 'D:\Keil 5\ARM\ARMCC\Bin'
Build target 'L452CEU6'
compiling usart.c...
linking...
L452CEU6\L452CEU6.axf: Warning: L6988W: Ignoring unknown patch sdcomp-29491-629360.
Program Size: Code=19494 RO-data=626 RW-data=52 ZI-data=2860  
Finished: 0 information, 1 warning and 0 error messages.
FromELF: creating hex file...
"L452CEU6\L452CEU6.axf" - 0 Error(s), 1 Warning(s).

<h2>Software Packages used:</h2>

Package Vendor: ARM
                http://www.keil.com/pack/ARM.CMSIS.4.3.0.pack
                ARM::CMSIS:CORE:4.1.0
                CMSIS (Cortex Microcontroller Software Interface Standard)
   * Component: CORE Version: 4.1.0

<h2>Collection of Component include folders:</h2>
  D:\data\PPG_HeartRate\stm32\L452CEU6_HR_CC\MDK-ARM\RTE
  D:\Keil 5\ARM\PACK\ARM\CMSIS\4.3.0\CMSIS\Include

<h2>Collection of Component Files used:</h2>

   * Component: ARM::CMSIS:CORE:4.1.0
</pre>
</body>
</html>
